******************************************************************************
              TMS320C55x Linker PC v4.4.1                      
******************************************************************************
>> Linked Thu Jan 04 12:19:35 2018

OUTPUT FILE NAME:   <NoiseRemoval.out>
ENTRY POINT SYMBOL: "_c_int00"  address: 00027a5d


MEMORY CONFIGURATION

         name            origin    length      used     unused   attr    fill
                        (bytes)   (bytes)    (bytes)   (bytes)
----------------------  --------  ---------  --------  --------  ----  --------
PAGE 0:
  MMR                   00000000   000000c0  00000000  000000c0  RWIX
  DARAM0                000000c0   0000ff40  00008f6c  00006fd4  RWIX
  SARAM0                00010000   00010000  00000000  00010000  RWIX
  SARAM1                00020000   00020000  00007b7f  00018481  RWIX
  SARAM2                00040000   0000fe00  000005ec  0000f814  RWIX
  VECS                  0004fe00   00000200  00000200  00000000  RWIX
  PDROM                 00ff8000   00008000  00000000  00008000  R IX

PAGE 2:
  IOPORT                00000000   00020000  00000000  00020000  RWI 


SECTION ALLOCATION MAP
(Addresses surrounded by []'s are displayed for convenience only!)

output                                                          attributes/
section   page  orgn(bytes) orgn(words) len(bytes) len(words)   input sections
--------  ----  ----------- ----------- ---------- ----------   --------------
.pinit       0   [ 00040000 ]  00020000          *   00000000   UNINITIALIZED

.stack       0   [ 000000c0 ]  00000060          *   00001000   UNINITIALIZED
                 [ 000000c0 ]  00000060          *   00001000   --HOLE--

.data        0   [ 000000c0 ]  00000060          *   00000000   UNINITIALIZED

.sysstack 
*            0   [ 000020c0 ]  00001060          *   00000800   UNINITIALIZED
                 [ 000020c0 ]  00001060          *   00000800   --HOLE--

.bss.1       0   [ 000030c0 ]  00001860          *   0000184b   UNINITIALIZED
                 [ 000030c0 ]  00001860          *   00000c38   main.obj (.bss)
                 [ 00004930 ]  00002498          *   00000808   ezdsp5535_aic3204_dma.obj (.bss)
                 [ 00005940 ]  00002ca0          *   00000119   rts55x.lib : defs.obj (.bss)
                 [ 00005b72 ]  00002db9          *   00000001              : fopen.obj (.bss)
                 [ 00005b74 ]  00002dba          *   00000102   window.obj (.bss)
                 [ 00005d78 ]  00002ebc          *   000000d0   rts55x.lib : trgdrv.obj (.bss)
                 [ 00005f18 ]  00002f8c          *   00000084   cslVC5505.lib : csl_intc.obj (.bss)
                 [ 00006020 ]  00003010          *   00000071   rts55x.lib : lowlev.obj (.bss)
                 [ 00006102 ]  00003081          *   0000002a   cslVC5505.lib : csl_i2s.obj (.bss)

.bss.2       0   [ 00006158 ]  000030ac          *   00000028   UNINITIALIZED
                 [ 00006158 ]  000030ac          *   00000012   cslVC5505.lib : csl_i2c.obj (.bss)
                 [ 0000617c ]  000030be          *   00000006   rts55x.lib : memory.obj (.bss)
                 [ 00006188 ]  000030c4          *   00000004   ezdsp5535bsl.lib : ezdsp5535_gpio.obj (.bss)
                 [ 00006190 ]  000030c8          *   00000004   rts55x.lib : _lock.obj (.bss)
                 [ 00006198 ]  000030cc          *   00000004              : exit.obj (.bss)
                 [ 000061a0 ]  000030d0          *   00000002   aic3204.obj (.bss)
                 [ 000061a4 ]  000030d2          *   00000002   ezdsp5535bsl.lib : ezdsp5535_i2s.obj (.bss)

.sysmem      0   [ 000061a8 ]  000030d4          *   00001000   UNINITIALIZED
                 [ 000061a8 ]  000030d4          *   00001000   --HOLE--

.const.1     0   [ 00008200 ]  00004100          *   00000703   
                 [ 00008200 ]  00004100          *   00000400   55xdspx_r3.lib : twiddle.obj (.const:twiddle)
                 [ 00008a00 ]  00004500          *   00000174   aic3204_init.obj (.const:.string)
                 [ 00008ce8 ]  00004674          *   00000101   rts55x.lib : ctype.obj (.const:__ctypes_)
                 [ 00008eea ]  00004775          *   00000060   print_number.obj (.const:_consolas_8ptBitmaps)
                 [ 00008faa ]  000047d5          *   00000001   print_number.obj (.const)
                 [ 00008fac ]  000047d6          *   0000002d   main.obj (.const:.string)

.const.2     0   [ 00009008 ]  00004804          *   00000040   
                 [ 00009008 ]  00004804          *   00000024   rts55x.lib : _printfi.obj (.const:.string)
                 [ 00009050 ]  00004828          *   0000000c              : _printfi.obj (.const)
                 [ 00009068 ]  00004834          *   00000008              : divd.obj (.const:_initial_approx$1)
                 [ 00009078 ]  0000483c          *   00000004   main.obj (.const)
                 [ 00009080 ]  00004840          *   00000002   rts55x.lib : fputs.obj (.const:.string)
                 [ 00009084 ]  00004842          *   00000002              : fltlid.obj (.const)

.text        0     00020000  [ 00010000 ] 00007b7f          *   
                   00020000  [ 00010000 ] 000015a4          *   rts55x.lib : _printfi.obj (.text)
                   000215a4  [ 00010ad2 ] 00000c3c          *   cslVC5505.lib : csl_i2c.obj (.text)
                   000221e0  [ 000110f0 ] 000009f3          *                 : csl_i2s.obj (.text)
                   00022bd3  [ 000115e9+] 0000068d          *                 : csl_gpio.obj (.text)
                   00023260  [ 00011930 ] 000005b5          *   aic3204_init.obj (.text)
                   00023815  [ 00011c0a+] 00000554          *   cslVC5505.lib : csl_intc.obj (.text)
                   00023d69  [ 00011eb4+] 00000543          *   rts55x.lib : lowlev.obj (.text)
                   000242ac  [ 00012156 ] 00000528          *              : trgdrv.obj (.text)
                   000247d4  [ 000123ea ] 000004b5          *              : memory.obj (.text)
                   00024c89  [ 00012644+] 000003cc          *              : divd.obj (.text)
                   00025055  [ 0001282a+] 0000031b          *   ezdsp5535_aic3204_dma.obj (.text)
                   00025370  [ 000129b8 ] 000002f7          *   main.obj (.text)
                   00025667  [ 00012b33+] 000002d2          *   print_number.obj (.text)
                   00025939  [ 00012c9c+] 0000027f          *   rts55x.lib : fopen.obj (.text)
                   00025bb8  [ 00012ddc ] 0000025e          *              : llmpy.obj (.text)
                   00025e16  [ 00012f0b ] 0000025a          *              : addd.obj (.text)
                   00026070  [ 00013038 ] 000001ea          *              : cmpd.obj (.text)
                   0002625a  [ 0001312d ] 000001d3          *   55xdspx_r3.lib : cfft_scale.obj (.text)
                   0002642d  [ 00013216+] 00000192          *   ezdsp5535bsl.lib : ezdsp5535_lcd.obj (.text)
                   000265bf  [ 000132df+] 00000163          *   rts55x.lib : fputs.obj (.text)
                   00026722  [ 00013391 ] 0000014c          *              : mpyd.obj (.text)
                   0002686e  [ 00013437 ] 00000107          *   ezdsp5535bsl.lib : ezdsp5535_i2s.obj (.text)
                   00026975  [ 000134ba+] 000000e6          *   rts55x.lib : setvbuf.obj (.text)
                   00026a5b  [ 0001352d+] 000000dd          *              : _io_perm.obj (.text)
                   00026b38  [ 0001359c ] 000000d6          *   55xdspx_r3.lib : cbrev.obj (.text)
                   00026c0e  [ 00013607 ] 000000cc          *   ezdsp5535_aic3204_dma.obj (.text:retain)
                   00026cda  [ 0001366d ] 000000c3          *   aic3204.obj (.text)
                   00026d9d  [ 000136ce+] 000000c2          *   rts55x.lib : fflush.obj (.text)
                   00026e5f  [ 0001372f+] 000000ba          *              : trgmsg.obj (.text:CIO_breakpoint)
                   00026f19  [ 0001378c+] 000000b9          *   iir.obj (.text)
                   00026fd2  [ 000137e9 ] 000000a6          *   rts55x.lib : fputc.obj (.text)
                   00027078  [ 0001383c ] 000000a1          *              : divul.obj (.text)
                   00027119  [ 0001388c+] 0000008e          *   ezdsp5535bsl.lib : ezdsp5535_i2c.obj (.text)
                   000271a7  [ 000138d3+] 0000008d          *   55xdspx_r3.lib : unpack.obj (.text)
                   00027234  [ 0001391a ] 0000008c          *   cslVC5505.lib : csl_irqplug.obj (.text)
                   000272c0  [ 00013960 ] 00000087          *   ezdsp5535bsl.lib : ezdsp5535_gpio.obj (.text)
                   00027347  [ 000139a3+] 0000007d          *   rts55x.lib : ltoa.obj (.text)
                   000273c4  [ 000139e2 ] 0000007b          *              : fclose.obj (.text)
                   0002743f  [ 00013a1f+] 00000076          *              : frcmpyd.obj (.text)
                   000274b5  [ 00013a5a+] 00000073          *              : frcmpyd_div.obj (.text)
                   00027528  [ 00013a94 ] 00000072          *              : remul.obj (.text)
                   0002759a  [ 00013acd ] 0000006f          *              : fixdli.obj (.text)
                   00027609  [ 00013b04+] 0000006d          *   cslVC5505.lib : vectors.obj (.text)
                   00027676  [ 00013b3b ] 0000006d          *   rts55x.lib : trgmsg.obj (.text)
                   000276e3  [ 00013b71+] 0000006b          *              : fseek.obj (.text)
                   0002774e  [ 00013ba7 ] 00000067          *              : fltlid.obj (.text)
                   000277b5  [ 00013bda+] 0000005c          *              : atoi.obj (.text)
                   00027811  [ 00013c08+] 00000054          *   ezdsp5535bsl.lib : ezdsp5535.obj (.text)
                   00027865  [ 00013c32+] 00000050          *   rts55x.lib : printf.obj (.text)
                   000278b5  [ 00013c5a+] 0000004d          *              : autoinit.obj (.text)
                   00027902  [ 00013c81 ] 0000004b          *              : args_main.obj (.text)
                   0002794d  [ 00013ca6+] 0000004b          *              : remli.obj (.text)
                   00027998  [ 00013ccc ] 00000048          *              : divli.obj (.text)
                   000279e0  [ 00013cf0 ] 0000003f          *              : memcpy.obj (.text)
                   00027a1f  [ 00013d0f+] 0000003e          *              : exit.obj (.text)
                   00027a5d  [ 00013d2e+] 00000034          *              : boot.obj (.text)
                   00027a91  [ 00013d48+] 0000002a          *              : fixdi.obj (.text)
                   00027abb  [ 00013d5d+] 0000002a          *              : udiv.obj (.text)
                   00027ae5  [ 00013d72+] 00000023          *              : memccpy.obj (.text)
                   00027b08  [ 00013d84 ] 0000001a          *              : isinf.obj (.text)
                   00027b22  [ 00013d91 ] 00000014          *              : subd.obj (.text)
                   00027b36  [ 00013d9b ] 00000013          *              : lmpy.obj (.text)
                   00027b49  [ 00013da4+] 00000012          *              : _lock.obj (.text)
                   00027b5b  [ 00013dad+] 00000010          *              : negd.obj (.text)
                   00027b6b  [ 00013db5+] 0000000a          *              : remove.obj (.text)
                   00027b75  [ 00013dba+] 00000007          *              : exit.obj (.text:CIO_breakpoint)
                   00027b7c  [ 00013dbe ] 00000002          *              : vectors.obj (.text)
                   00027b7e  [ 00013dbf ] 00000001          *   --HOLE-- [fill = 20]

.cinit       0   [ 00040000 ]  00020000          *   000001c2   
                 [ 00040000 ]  00020000          *   00000108   window.obj (.cinit)
                 [ 00040210 ]  00020108          *   0000003e   main.obj (.cinit)
                 [ 0004028c ]  00020146          *   0000002d   rts55x.lib : lowlev.obj (.cinit)
                 [ 000402e6 ]  00020173          *   0000002a              : defs.obj (.cinit)
                 [ 0004033a ]  0002019d          *   0000000a              : _lock.obj (.cinit)
                 [ 0004034e ]  000201a7          *   0000000a              : exit.obj (.cinit)
                 [ 00040362 ]  000201b1          *   00000008   cslVC5505.lib : csl_i2s.obj (.cinit)
                 [ 00040372 ]  000201b9          *   00000004   rts55x.lib : fopen.obj (.cinit)
                 [ 0004037a ]  000201bd          *   00000004              : memory.obj (.cinit)
                 [ 00040382 ]  000201c1          *   00000001   --HOLE-- [fill = 0]

.cio         0   [ 00040388 ]  000201c4          *   00000120   UNINITIALIZED
                 [ 00040388 ]  000201c4          *   00000120   rts55x.lib : trgmsg.obj (.cio)

.switch      0   [ 000405c8 ]  000202e4          *   00000014   
                 [ 000405c8 ]  000202e4          *   00000014   print_number.obj (.switch:_printChar)

vectors      0     0004fe00  [ 00027f00 ] 00000200          *   
                   0004fe00  [ 00027f00 ] 00000100          *   cslVC5505.lib : vectors.obj (vectors)
                   0004ff00  [ 00027f80 ] 00000100          *   rts55x.lib : vectors.obj (vectors)


GLOBAL SYMBOLS: SORTED ALPHABETICALLY BY Name 

abs. value/
byte addr   word addr   name
---------   ---------   ----
00000002                $TI_capability$C5500$CallingConvention
00000002                $TI_capability$C5500$MemoryModel
00000001                $TI_capability_requires_rev3
ffffffff                .bss
ffffffff                .data
ffffffff                .text
00027b76                C$$EXIT
00026f14                C$$IO$$
00027b36                I$$LMPY
00027abb                I$$UDIV
00027ad0                I$$UMOD
0004fe00                RST
00026cda                _AIC3204_rget
00026d25                _AIC3204_rset
            00001d60    _BufferLhelp
            00001c60    _BufferRhelp
            000024a0    _DMA_InputL
            000026a0    _DMA_InputR
            000028a0    _DMA_OutputL
            00002aa0    _DMA_OutputR
            00002374    _Dirac
00027329                _EZDSP5535_GPIO_getInput
000272c0                _EZDSP5535_GPIO_init
000272eb                _EZDSP5535_GPIO_setDirection
0002730f                _EZDSP5535_GPIO_setOutput
00027119                _EZDSP5535_I2C_init
0002717f                _EZDSP5535_I2C_read
0002714e                _EZDSP5535_I2C_reset
00027159                _EZDSP5535_I2C_write
00026963                _EZDSP5535_I2S_close
0002686e                _EZDSP5535_I2S_init
000268c7                _EZDSP5535_I2S_readLeft
00026926                _EZDSP5535_I2S_readRight
000268f9                _EZDSP5535_I2S_writeLeft
00026947                _EZDSP5535_I2S_writeRight
000264a0                _EZDSP5535_OSD9616_init
00026455                _EZDSP5535_OSD9616_multiSend
00026582                _EZDSP5535_OSD9616_printLetter
0002642d                _EZDSP5535_OSD9616_send
00027857                _EZDSP5535_init
00027811                _EZDSP5535_wait
00027845                _EZDSP5535_waitusec
000230be                _GPIO_clearInt
00022c17                _GPIO_close
00022c3b                _GPIO_config
00022e6e                _GPIO_configBit
00022fb6                _GPIO_disableInt
00023034                _GPIO_enableInt
00022cc0                _GPIO_getConfig
00022bd3                _GPIO_open
00022d48                _GPIO_read
000231d1                _GPIO_reset
0002314a                _GPIO_statusBit
00022dcb                _GPIO_write
            000030c4    _GpioObj
00024776                _HOSTclock
0002470b                _HOSTclose
00024656                _HOSTlseek
000245b7                _HOSTopen
0002452a                _HOSTread
0002447c                _HOSTrename
0002441e                _HOSTtime
000243b4                _HOSTunlink
00024327                _HOSTwrite
0002164d                _I2C_config
00022018                _I2C_eventDisable
00021ee4                _I2C_eventEnable
000217b2                _I2C_getConfig
000221c4                _I2C_getEventId
000215a4                _I2C_init
00021cc6                _I2C_read
00022137                _I2C_setCallback
00021888                _I2C_setup
00021a82                _I2C_write
00022615                _I2S_close
000221e0                _I2S_open
000226c7                _I2S_read
00022ad7                _I2S_reset
00022327                _I2S_setup
00022b88                _I2S_transEnable
00022981                _I2S_write
            00002474    _IIR_1360Hz_2nd_order
            0000247a    _IIR_1820Hz_2nd_order
            00002480    _IIR_2330Hz_2nd_order
            00002486    _IIR_2950Hz_2nd_order
000238af                _IRQ_clear
00023919                _IRQ_clearAll
00023929                _IRQ_config
00023a4f                _IRQ_disable
00023acd                _IRQ_disableAll
00023adb                _IRQ_enable
00023bd5                _IRQ_getArg
000239bc                _IRQ_getConfig
00023d23                _IRQ_globalDisable
00023d3c                _IRQ_globalEnable
00023d55                _IRQ_globalRestore
00023815                _IRQ_init
00023c4e                _IRQ_map
00027234                _IRQ_plug
00023b65                _IRQ_restore
00023c1b                _IRQ_setArg
00023c80                _IRQ_setVecs
00023cb1                _IRQ_test
            00001860    _InputBufferL
            00001960    _InputBufferR
            00001a60    _OutputBufferL
            00001b60    _OutputBufferR
0004ff00                _Reset
0004fe00                _VECSTART
            000201c4    __CIOBUF_
000237bc                __I2S_init
            00001060    __STACK_END
00002000                __STACK_SIZE
00002000                __SYSMEM_SIZE
00001000                __SYSSTACK_SIZE
00000001                __TI_args_main
ffffffff                ___binit__
ffffffff                ___bss__
ffffffff                ___c_args__
            00020000    ___cinit__
ffffffff                ___data__
ffffffff                ___edata__
ffffffff                ___end__
ffffffff                ___etext__
00027b08                ___isinf
ffffffff                ___pinit__
ffffffff                ___text__
00025e16                __addd
00027902                __args_main
00025a5a                __cleanup
            000030cc    __cleanup_ptr
00026202                __cmpd
            00004674    __ctypes_
00024c89                __divd
00027998                __divli
00025de1                __divlli
00027abb                __divu
00027078                __divul
00025ced                __divull
00026d9d                __doflush
            000030ce    __dtors_ptr
000261ce                __eqld
00027a91                __fixdi
0002759a                __fixdli
0002774e                __fltlid
0002743f                __frcmpyd
000274b5                __frcmpyd_div
            00002db8    __ft_end
            00002ca0    __ftable
00026184                __geqd
00026139                __gtrd
000260ec                __leqd
            000030c8    __lock
000260a4                __lssd
00026722                __mpyd
00027b36                __mpyli
00025c35                __mpylli
00027b5b                __negd
00026070                __neqd
00027b59                __nop
00021362                __printfi
00026adb                __rd_ok
00027b51                __register_lock
00027b49                __register_unlock
0002794d                __remli
00025c06                __remlli
00027ad0                __remu
00027528                __remul
00025bb8                __remull
            00000060    __stack
00027b22                __subd
            000030d4    __sys_memory
            00001060    __sysstack
            00002d18    __tmpnams
            000030ca    __unlock
00026a5b                __wrt_ok
00027b75                _abort
000241bc                _add_device
00026d72                _aic3204_codec_read
00026d89                _aic3204_codec_write
00026d61                _aic3204_disable
00025055                _aic3204_dma_init
00026d4f                _aic3204_hardware_init
00023260                _aic3204_init
000251e0                _aic3204_read_block
00025295                _aic3204_write_block
000277b5                _atoi
000278b5                _auto_init
00027a5d                _c_int00
00024c63                _calloc
00026b38                _cbrev
0002625a                _cfft_SCALE
00024c5b                _chkheap
00025705                _clearLCD
00024149                _close
            00004775    _consolas_8ptBitmaps
            000030d0    _counter1
            000030d1    _counter2
00027a1f                _exit
000273c4                _fclose
00026e06                _fflush
            0000248c    _filters
00024140                _find_registered_device
00025b7d                _fopen
00026fd2                _fputc
000265bf                _fputs
000247d4                _free
00024c05                _free_memory
            00002264    _frekvencije
00025ab4                _freopen
            000030a9    _fsError
000276e3                _fseek
            000030ac    _gI2cObj
000242ac                _getenv
            000030c6    _hGpio
            000030d2    _hI2s
            000030bc    _i2cHandle
00025667                _initPrintNumber
            00002260    _koeficijenti
000240da                _lseek
00027347                _ltoa
            0000226c    _magnitude_response
            0000236c    _magnitude_response1
00025370                _main
00024905                _malloc
            00002496    _max
00024bab                _max_free
            00002494    _max_index
00027ae5                _memccpy
000279e0                _memcpy
000248a0                _minit
0002401b                _open
            000030aa    _ouError
            00002eba    _p_window
000257d3                _printChar
00027865                _printf
00026fd2                _putc
00027069                _putchar
000266f4                _puts
00023f6d                _read
00027676                _readmsg
000249fa                _realloc
00027b6b                _remove
00023f37                _remove_device
00023ede                _rename
00026f19                _second_order_IIR
000257b1                _setWritePointerToFirstChar
00023451                _set_sampling_frequency_and_gain
00026975                _setvbuf
            000047d5    _sign_width
00023eab                _unlink
000271a7                _unpack
            00002dba    _window
00023d69                _write
00026e5f                _writemsg
            00001e60    _x_history1
            00002060    _x_history2
            00001f60    _y_history1
            00002160    _y_history2
ffffffff                binit
            00020000    cinit
ffffffff                edata
ffffffff                end
ffffffff                etext
ffffffff                pinit
            00004100    twiddle


GLOBAL SYMBOLS: SORTED BY Symbol Address 

abs. value/
byte addr   word addr   name
---------   ---------   ----
00000001                $TI_capability_requires_rev3
00000001                __TI_args_main
00000002                $TI_capability$C5500$CallingConvention
00000002                $TI_capability$C5500$MemoryModel
            00000060    __stack
00001000                __SYSSTACK_SIZE
00002000                __STACK_SIZE
00002000                __SYSMEM_SIZE
            00001060    __STACK_END
            00001060    __sysstack
            00001860    _InputBufferL
            00001960    _InputBufferR
            00001a60    _OutputBufferL
            00001b60    _OutputBufferR
            00001c60    _BufferRhelp
            00001d60    _BufferLhelp
            00001e60    _x_history1
            00001f60    _y_history1
            00002060    _x_history2
            00002160    _y_history2
            00002260    _koeficijenti
            00002264    _frekvencije
            0000226c    _magnitude_response
            0000236c    _magnitude_response1
            00002374    _Dirac
            00002474    _IIR_1360Hz_2nd_order
            0000247a    _IIR_1820Hz_2nd_order
            00002480    _IIR_2330Hz_2nd_order
            00002486    _IIR_2950Hz_2nd_order
            0000248c    _filters
            00002494    _max_index
            00002496    _max
            000024a0    _DMA_InputL
            000026a0    _DMA_InputR
            000028a0    _DMA_OutputL
            00002aa0    _DMA_OutputR
            00002ca0    __ftable
            00002d18    __tmpnams
            00002db8    __ft_end
            00002dba    _window
            00002eba    _p_window
            000030a9    _fsError
            000030aa    _ouError
            000030ac    _gI2cObj
            000030bc    _i2cHandle
            000030c4    _GpioObj
            000030c6    _hGpio
            000030c8    __lock
            000030ca    __unlock
            000030cc    __cleanup_ptr
            000030ce    __dtors_ptr
            000030d0    _counter1
            000030d1    _counter2
            000030d2    _hI2s
            000030d4    __sys_memory
            00004100    twiddle
            00004674    __ctypes_
            00004775    _consolas_8ptBitmaps
            000047d5    _sign_width
00021362                __printfi
000215a4                _I2C_init
0002164d                _I2C_config
000217b2                _I2C_getConfig
00021888                _I2C_setup
00021a82                _I2C_write
00021cc6                _I2C_read
00021ee4                _I2C_eventEnable
00022018                _I2C_eventDisable
00022137                _I2C_setCallback
000221c4                _I2C_getEventId
000221e0                _I2S_open
00022327                _I2S_setup
00022615                _I2S_close
000226c7                _I2S_read
00022981                _I2S_write
00022ad7                _I2S_reset
00022b88                _I2S_transEnable
00022bd3                _GPIO_open
00022c17                _GPIO_close
00022c3b                _GPIO_config
00022cc0                _GPIO_getConfig
00022d48                _GPIO_read
00022dcb                _GPIO_write
00022e6e                _GPIO_configBit
00022fb6                _GPIO_disableInt
00023034                _GPIO_enableInt
000230be                _GPIO_clearInt
0002314a                _GPIO_statusBit
000231d1                _GPIO_reset
00023260                _aic3204_init
00023451                _set_sampling_frequency_and_gain
000237bc                __I2S_init
00023815                _IRQ_init
000238af                _IRQ_clear
00023919                _IRQ_clearAll
00023929                _IRQ_config
000239bc                _IRQ_getConfig
00023a4f                _IRQ_disable
00023acd                _IRQ_disableAll
00023adb                _IRQ_enable
00023b65                _IRQ_restore
00023bd5                _IRQ_getArg
00023c1b                _IRQ_setArg
00023c4e                _IRQ_map
00023c80                _IRQ_setVecs
00023cb1                _IRQ_test
00023d23                _IRQ_globalDisable
00023d3c                _IRQ_globalEnable
00023d55                _IRQ_globalRestore
00023d69                _write
00023eab                _unlink
00023ede                _rename
00023f37                _remove_device
00023f6d                _read
0002401b                _open
000240da                _lseek
00024140                _find_registered_device
00024149                _close
000241bc                _add_device
000242ac                _getenv
00024327                _HOSTwrite
000243b4                _HOSTunlink
0002441e                _HOSTtime
0002447c                _HOSTrename
0002452a                _HOSTread
000245b7                _HOSTopen
00024656                _HOSTlseek
0002470b                _HOSTclose
00024776                _HOSTclock
000247d4                _free
000248a0                _minit
00024905                _malloc
000249fa                _realloc
00024bab                _max_free
00024c05                _free_memory
00024c5b                _chkheap
00024c63                _calloc
00024c89                __divd
00025055                _aic3204_dma_init
000251e0                _aic3204_read_block
00025295                _aic3204_write_block
00025370                _main
00025667                _initPrintNumber
00025705                _clearLCD
000257b1                _setWritePointerToFirstChar
000257d3                _printChar
00025a5a                __cleanup
00025ab4                _freopen
00025b7d                _fopen
00025bb8                __remull
00025c06                __remlli
00025c35                __mpylli
00025ced                __divull
00025de1                __divlli
00025e16                __addd
00026070                __neqd
000260a4                __lssd
000260ec                __leqd
00026139                __gtrd
00026184                __geqd
000261ce                __eqld
00026202                __cmpd
0002625a                _cfft_SCALE
0002642d                _EZDSP5535_OSD9616_send
00026455                _EZDSP5535_OSD9616_multiSend
000264a0                _EZDSP5535_OSD9616_init
00026582                _EZDSP5535_OSD9616_printLetter
000265bf                _fputs
000266f4                _puts
00026722                __mpyd
0002686e                _EZDSP5535_I2S_init
000268c7                _EZDSP5535_I2S_readLeft
000268f9                _EZDSP5535_I2S_writeLeft
00026926                _EZDSP5535_I2S_readRight
00026947                _EZDSP5535_I2S_writeRight
00026963                _EZDSP5535_I2S_close
00026975                _setvbuf
00026a5b                __wrt_ok
00026adb                __rd_ok
00026b38                _cbrev
00026cda                _AIC3204_rget
00026d25                _AIC3204_rset
00026d4f                _aic3204_hardware_init
00026d61                _aic3204_disable
00026d72                _aic3204_codec_read
00026d89                _aic3204_codec_write
00026d9d                __doflush
00026e06                _fflush
00026e5f                _writemsg
00026f14                C$$IO$$
00026f19                _second_order_IIR
00026fd2                _fputc
00026fd2                _putc
00027069                _putchar
00027078                __divul
00027119                _EZDSP5535_I2C_init
0002714e                _EZDSP5535_I2C_reset
00027159                _EZDSP5535_I2C_write
0002717f                _EZDSP5535_I2C_read
000271a7                _unpack
00027234                _IRQ_plug
000272c0                _EZDSP5535_GPIO_init
000272eb                _EZDSP5535_GPIO_setDirection
0002730f                _EZDSP5535_GPIO_setOutput
00027329                _EZDSP5535_GPIO_getInput
00027347                _ltoa
000273c4                _fclose
0002743f                __frcmpyd
000274b5                __frcmpyd_div
00027528                __remul
0002759a                __fixdli
00027676                _readmsg
000276e3                _fseek
0002774e                __fltlid
000277b5                _atoi
00027811                _EZDSP5535_wait
00027845                _EZDSP5535_waitusec
00027857                _EZDSP5535_init
00027865                _printf
000278b5                _auto_init
00027902                __args_main
0002794d                __remli
00027998                __divli
000279e0                _memcpy
00027a1f                _exit
00027a5d                _c_int00
00027a91                __fixdi
00027abb                I$$UDIV
00027abb                __divu
00027ad0                I$$UMOD
00027ad0                __remu
00027ae5                _memccpy
00027b08                ___isinf
00027b22                __subd
00027b36                I$$LMPY
00027b36                __mpyli
00027b49                __register_unlock
00027b51                __register_lock
00027b59                __nop
00027b5b                __negd
00027b6b                _remove
00027b75                _abort
00027b76                C$$EXIT
            00020000    ___cinit__
            00020000    cinit
            000201c4    __CIOBUF_
0004fe00                RST
0004fe00                _VECSTART
0004ff00                _Reset
ffffffff                .bss
ffffffff                .data
ffffffff                .text
ffffffff                ___binit__
ffffffff                ___bss__
ffffffff                ___c_args__
ffffffff                ___data__
ffffffff                ___edata__
ffffffff                ___end__
ffffffff                ___etext__
ffffffff                ___pinit__
ffffffff                ___text__
ffffffff                binit
ffffffff                edata
ffffffff                end
ffffffff                etext
ffffffff                pinit

[266 symbols]
