<?xml version="1.0"?>
<link_info>
   <banner>TMS320C55x Linker PC v4.4.1</banner>
   <copyright>Copyright (c) 1996-2012 Texas Instruments Incorporated</copyright>
   <link_time>0x5a4e0dc7</link_time>
   <output_file>NoiseRemoval.out</output_file>
   <entry_point>
      <name>_c_int00</name>
      <address>0x27a5d</address>
   </entry_point>
   <input_file_list>
      <input_file id="fl-2">
         <path>.\</path>
         <kind>object</kind>
         <file>aic3204.obj</file>
         <name>aic3204.obj</name>
      </input_file>
      <input_file id="fl-3">
         <path>.\</path>
         <kind>object</kind>
         <file>aic3204_init.obj</file>
         <name>aic3204_init.obj</name>
      </input_file>
      <input_file id="fl-4">
         <path>.\</path>
         <kind>object</kind>
         <file>ezdsp5535_aic3204_dma.obj</file>
         <name>ezdsp5535_aic3204_dma.obj</name>
      </input_file>
      <input_file id="fl-5">
         <path>.\</path>
         <kind>object</kind>
         <file>iir.obj</file>
         <name>iir.obj</name>
      </input_file>
      <input_file id="fl-6">
         <path>.\</path>
         <kind>object</kind>
         <file>main.obj</file>
         <name>main.obj</name>
      </input_file>
      <input_file id="fl-7">
         <path>.\</path>
         <kind>object</kind>
         <file>print_number.obj</file>
         <name>print_number.obj</name>
      </input_file>
      <input_file id="fl-8">
         <path>.\</path>
         <kind>object</kind>
         <file>window.obj</file>
         <name>window.obj</name>
      </input_file>
      <input_file id="fl-13">
         <path>..\lib\</path>
         <kind>archive</kind>
         <file>ezdsp5535bsl.lib</file>
         <name>ezdsp5535_lcd.obj</name>
      </input_file>
      <input_file id="fl-14">
         <path>..\lib\</path>
         <kind>archive</kind>
         <file>ezdsp5535bsl.lib</file>
         <name>ezdsp5535_i2s.obj</name>
      </input_file>
      <input_file id="fl-15">
         <path>..\lib\</path>
         <kind>archive</kind>
         <file>ezdsp5535bsl.lib</file>
         <name>ezdsp5535_i2c.obj</name>
      </input_file>
      <input_file id="fl-16">
         <path>..\lib\</path>
         <kind>archive</kind>
         <file>ezdsp5535bsl.lib</file>
         <name>ezdsp5535_gpio.obj</name>
      </input_file>
      <input_file id="fl-17">
         <path>..\lib\</path>
         <kind>archive</kind>
         <file>ezdsp5535bsl.lib</file>
         <name>ezdsp5535.obj</name>
      </input_file>
      <input_file id="fl-18">
         <path>..\c55xx_csl\lib\</path>
         <kind>archive</kind>
         <file>55xdspx_r3.lib</file>
         <name>cbrev.obj</name>
      </input_file>
      <input_file id="fl-19">
         <path>..\c55xx_csl\lib\</path>
         <kind>archive</kind>
         <file>55xdspx_r3.lib</file>
         <name>cfft_scale.obj</name>
      </input_file>
      <input_file id="fl-1a">
         <path>..\c55xx_csl\lib\</path>
         <kind>archive</kind>
         <file>55xdspx_r3.lib</file>
         <name>twiddle.obj</name>
      </input_file>
      <input_file id="fl-1b">
         <path>..\c55xx_csl\lib\</path>
         <kind>archive</kind>
         <file>55xdspx_r3.lib</file>
         <name>unpack.obj</name>
      </input_file>
      <input_file id="fl-1c">
         <path>..\c55xx_csl\lib\</path>
         <kind>archive</kind>
         <file>cslVC5505.lib</file>
         <name>vectors.obj</name>
      </input_file>
      <input_file id="fl-1d">
         <path>..\c55xx_csl\lib\</path>
         <kind>archive</kind>
         <file>cslVC5505.lib</file>
         <name>csl_irqplug.obj</name>
      </input_file>
      <input_file id="fl-1e">
         <path>..\c55xx_csl\lib\</path>
         <kind>archive</kind>
         <file>cslVC5505.lib</file>
         <name>csl_intc.obj</name>
      </input_file>
      <input_file id="fl-1f">
         <path>..\c55xx_csl\lib\</path>
         <kind>archive</kind>
         <file>cslVC5505.lib</file>
         <name>csl_i2s.obj</name>
      </input_file>
      <input_file id="fl-20">
         <path>..\c55xx_csl\lib\</path>
         <kind>archive</kind>
         <file>cslVC5505.lib</file>
         <name>csl_i2c.obj</name>
      </input_file>
      <input_file id="fl-21">
         <path>..\c55xx_csl\lib\</path>
         <kind>archive</kind>
         <file>cslVC5505.lib</file>
         <name>csl_gpio.obj</name>
      </input_file>
      <input_file id="fl-22">
         <path>C:\ti\ccsv6\tools\compiler\c5500_4.4.1\lib\</path>
         <kind>archive</kind>
         <file>rts55x.lib</file>
         <name>boot.obj</name>
      </input_file>
      <input_file id="fl-23">
         <path>C:\ti\ccsv6\tools\compiler\c5500_4.4.1\lib\</path>
         <kind>archive</kind>
         <file>rts55x.lib</file>
         <name>divd.obj</name>
      </input_file>
      <input_file id="fl-24">
         <path>C:\ti\ccsv6\tools\compiler\c5500_4.4.1\lib\</path>
         <kind>archive</kind>
         <file>rts55x.lib</file>
         <name>divul.obj</name>
      </input_file>
      <input_file id="fl-25">
         <path>C:\ti\ccsv6\tools\compiler\c5500_4.4.1\lib\</path>
         <kind>archive</kind>
         <file>rts55x.lib</file>
         <name>exit.obj</name>
      </input_file>
      <input_file id="fl-26">
         <path>C:\ti\ccsv6\tools\compiler\c5500_4.4.1\lib\</path>
         <kind>archive</kind>
         <file>rts55x.lib</file>
         <name>fixdi.obj</name>
      </input_file>
      <input_file id="fl-27">
         <path>C:\ti\ccsv6\tools\compiler\c5500_4.4.1\lib\</path>
         <kind>archive</kind>
         <file>rts55x.lib</file>
         <name>fixdli.obj</name>
      </input_file>
      <input_file id="fl-28">
         <path>C:\ti\ccsv6\tools\compiler\c5500_4.4.1\lib\</path>
         <kind>archive</kind>
         <file>rts55x.lib</file>
         <name>frcmpyd_div.obj</name>
      </input_file>
      <input_file id="fl-29">
         <path>C:\ti\ccsv6\tools\compiler\c5500_4.4.1\lib\</path>
         <kind>archive</kind>
         <file>rts55x.lib</file>
         <name>lmpy.obj</name>
      </input_file>
      <input_file id="fl-2a">
         <path>C:\ti\ccsv6\tools\compiler\c5500_4.4.1\lib\</path>
         <kind>archive</kind>
         <file>rts55x.lib</file>
         <name>mpyd.obj</name>
      </input_file>
      <input_file id="fl-2b">
         <path>C:\ti\ccsv6\tools\compiler\c5500_4.4.1\lib\</path>
         <kind>archive</kind>
         <file>rts55x.lib</file>
         <name>printf.obj</name>
      </input_file>
      <input_file id="fl-2c">
         <path>C:\ti\ccsv6\tools\compiler\c5500_4.4.1\lib\</path>
         <kind>archive</kind>
         <file>rts55x.lib</file>
         <name>remul.obj</name>
      </input_file>
      <input_file id="fl-2d">
         <path>C:\ti\ccsv6\tools\compiler\c5500_4.4.1\lib\</path>
         <kind>archive</kind>
         <file>rts55x.lib</file>
         <name>vectors.obj</name>
      </input_file>
      <input_file id="fl-2e">
         <path>C:\ti\ccsv6\tools\compiler\c5500_4.4.1\lib\</path>
         <kind>archive</kind>
         <file>rts55x.lib</file>
         <name>_lock.obj</name>
      </input_file>
      <input_file id="fl-2f">
         <path>C:\ti\ccsv6\tools\compiler\c5500_4.4.1\lib\</path>
         <kind>archive</kind>
         <file>rts55x.lib</file>
         <name>_printfi.obj</name>
      </input_file>
      <input_file id="fl-30">
         <path>C:\ti\ccsv6\tools\compiler\c5500_4.4.1\lib\</path>
         <kind>archive</kind>
         <file>rts55x.lib</file>
         <name>args_main.obj</name>
      </input_file>
      <input_file id="fl-31">
         <path>C:\ti\ccsv6\tools\compiler\c5500_4.4.1\lib\</path>
         <kind>archive</kind>
         <file>rts55x.lib</file>
         <name>atoi.obj</name>
      </input_file>
      <input_file id="fl-32">
         <path>C:\ti\ccsv6\tools\compiler\c5500_4.4.1\lib\</path>
         <kind>archive</kind>
         <file>rts55x.lib</file>
         <name>autoinit.obj</name>
      </input_file>
      <input_file id="fl-33">
         <path>C:\ti\ccsv6\tools\compiler\c5500_4.4.1\lib\</path>
         <kind>archive</kind>
         <file>rts55x.lib</file>
         <name>cmpd.obj</name>
      </input_file>
      <input_file id="fl-34">
         <path>C:\ti\ccsv6\tools\compiler\c5500_4.4.1\lib\</path>
         <kind>archive</kind>
         <file>rts55x.lib</file>
         <name>ctype.obj</name>
      </input_file>
      <input_file id="fl-35">
         <path>C:\ti\ccsv6\tools\compiler\c5500_4.4.1\lib\</path>
         <kind>archive</kind>
         <file>rts55x.lib</file>
         <name>defs.obj</name>
      </input_file>
      <input_file id="fl-36">
         <path>C:\ti\ccsv6\tools\compiler\c5500_4.4.1\lib\</path>
         <kind>archive</kind>
         <file>rts55x.lib</file>
         <name>fltlid.obj</name>
      </input_file>
      <input_file id="fl-37">
         <path>C:\ti\ccsv6\tools\compiler\c5500_4.4.1\lib\</path>
         <kind>archive</kind>
         <file>rts55x.lib</file>
         <name>fputc.obj</name>
      </input_file>
      <input_file id="fl-38">
         <path>C:\ti\ccsv6\tools\compiler\c5500_4.4.1\lib\</path>
         <kind>archive</kind>
         <file>rts55x.lib</file>
         <name>fputs.obj</name>
      </input_file>
      <input_file id="fl-39">
         <path>C:\ti\ccsv6\tools\compiler\c5500_4.4.1\lib\</path>
         <kind>archive</kind>
         <file>rts55x.lib</file>
         <name>frcmpyd.obj</name>
      </input_file>
      <input_file id="fl-3a">
         <path>C:\ti\ccsv6\tools\compiler\c5500_4.4.1\lib\</path>
         <kind>archive</kind>
         <file>rts55x.lib</file>
         <name>isinf.obj</name>
      </input_file>
      <input_file id="fl-3b">
         <path>C:\ti\ccsv6\tools\compiler\c5500_4.4.1\lib\</path>
         <kind>archive</kind>
         <file>rts55x.lib</file>
         <name>llmpy.obj</name>
      </input_file>
      <input_file id="fl-3c">
         <path>C:\ti\ccsv6\tools\compiler\c5500_4.4.1\lib\</path>
         <kind>archive</kind>
         <file>rts55x.lib</file>
         <name>lowlev.obj</name>
      </input_file>
      <input_file id="fl-3d">
         <path>C:\ti\ccsv6\tools\compiler\c5500_4.4.1\lib\</path>
         <kind>archive</kind>
         <file>rts55x.lib</file>
         <name>ltoa.obj</name>
      </input_file>
      <input_file id="fl-3e">
         <path>C:\ti\ccsv6\tools\compiler\c5500_4.4.1\lib\</path>
         <kind>archive</kind>
         <file>rts55x.lib</file>
         <name>memccpy.obj</name>
      </input_file>
      <input_file id="fl-3f">
         <path>C:\ti\ccsv6\tools\compiler\c5500_4.4.1\lib\</path>
         <kind>archive</kind>
         <file>rts55x.lib</file>
         <name>memcpy.obj</name>
      </input_file>
      <input_file id="fl-40">
         <path>C:\ti\ccsv6\tools\compiler\c5500_4.4.1\lib\</path>
         <kind>archive</kind>
         <file>rts55x.lib</file>
         <name>negd.obj</name>
      </input_file>
      <input_file id="fl-41">
         <path>C:\ti\ccsv6\tools\compiler\c5500_4.4.1\lib\</path>
         <kind>archive</kind>
         <file>rts55x.lib</file>
         <name>remli.obj</name>
      </input_file>
      <input_file id="fl-42">
         <path>C:\ti\ccsv6\tools\compiler\c5500_4.4.1\lib\</path>
         <kind>archive</kind>
         <file>rts55x.lib</file>
         <name>subd.obj</name>
      </input_file>
      <input_file id="fl-43">
         <path>C:\ti\ccsv6\tools\compiler\c5500_4.4.1\lib\</path>
         <kind>archive</kind>
         <file>rts55x.lib</file>
         <name>trgdrv.obj</name>
      </input_file>
      <input_file id="fl-44">
         <path>C:\ti\ccsv6\tools\compiler\c5500_4.4.1\lib\</path>
         <kind>archive</kind>
         <file>rts55x.lib</file>
         <name>trgmsg.obj</name>
      </input_file>
      <input_file id="fl-45">
         <path>C:\ti\ccsv6\tools\compiler\c5500_4.4.1\lib\</path>
         <kind>archive</kind>
         <file>rts55x.lib</file>
         <name>udiv.obj</name>
      </input_file>
      <input_file id="fl-46">
         <path>C:\ti\ccsv6\tools\compiler\c5500_4.4.1\lib\</path>
         <kind>archive</kind>
         <file>rts55x.lib</file>
         <name>_io_perm.obj</name>
      </input_file>
      <input_file id="fl-47">
         <path>C:\ti\ccsv6\tools\compiler\c5500_4.4.1\lib\</path>
         <kind>archive</kind>
         <file>rts55x.lib</file>
         <name>addd.obj</name>
      </input_file>
      <input_file id="fl-48">
         <path>C:\ti\ccsv6\tools\compiler\c5500_4.4.1\lib\</path>
         <kind>archive</kind>
         <file>rts55x.lib</file>
         <name>divli.obj</name>
      </input_file>
      <input_file id="fl-49">
         <path>C:\ti\ccsv6\tools\compiler\c5500_4.4.1\lib\</path>
         <kind>archive</kind>
         <file>rts55x.lib</file>
         <name>fflush.obj</name>
      </input_file>
      <input_file id="fl-4a">
         <path>C:\ti\ccsv6\tools\compiler\c5500_4.4.1\lib\</path>
         <kind>archive</kind>
         <file>rts55x.lib</file>
         <name>fseek.obj</name>
      </input_file>
      <input_file id="fl-4b">
         <path>C:\ti\ccsv6\tools\compiler\c5500_4.4.1\lib\</path>
         <kind>archive</kind>
         <file>rts55x.lib</file>
         <name>setvbuf.obj</name>
      </input_file>
      <input_file id="fl-4c">
         <path>C:\ti\ccsv6\tools\compiler\c5500_4.4.1\lib\</path>
         <kind>archive</kind>
         <file>rts55x.lib</file>
         <name>fopen.obj</name>
      </input_file>
      <input_file id="fl-4d">
         <path>C:\ti\ccsv6\tools\compiler\c5500_4.4.1\lib\</path>
         <kind>archive</kind>
         <file>rts55x.lib</file>
         <name>memory.obj</name>
      </input_file>
      <input_file id="fl-4e">
         <path>C:\ti\ccsv6\tools\compiler\c5500_4.4.1\lib\</path>
         <kind>archive</kind>
         <file>rts55x.lib</file>
         <name>fclose.obj</name>
      </input_file>
      <input_file id="fl-4f">
         <path>C:\ti\ccsv6\tools\compiler\c5500_4.4.1\lib\</path>
         <kind>archive</kind>
         <file>rts55x.lib</file>
         <name>remove.obj</name>
      </input_file>
   </input_file_list>
   <object_component_list>
      <object_component id="oc-bf">
         <name>.text</name>
         <load_address>0x20000</load_address>
         <run_address>0x20000</run_address>
         <size>0x15a4</size>
         <input_file_ref idref="fl-2f"/>
      </object_component>
      <object_component id="oc-7b">
         <name>.text</name>
         <load_address>0x215a4</load_address>
         <run_address>0x215a4</run_address>
         <size>0xc3c</size>
         <input_file_ref idref="fl-20"/>
      </object_component>
      <object_component id="oc-74">
         <name>.text</name>
         <load_address>0x221e0</load_address>
         <run_address>0x221e0</run_address>
         <size>0x9f3</size>
         <input_file_ref idref="fl-1f"/>
      </object_component>
      <object_component id="oc-81">
         <name>.text</name>
         <load_address>0x22bd3</load_address>
         <run_address>0x22bd3</run_address>
         <size>0x68d</size>
         <input_file_ref idref="fl-21"/>
      </object_component>
      <object_component id="oc-18">
         <name>.text</name>
         <load_address>0x23260</load_address>
         <run_address>0x23260</run_address>
         <size>0x5b5</size>
         <input_file_ref idref="fl-3"/>
      </object_component>
      <object_component id="oc-6e">
         <name>.text</name>
         <load_address>0x23815</load_address>
         <run_address>0x23815</run_address>
         <size>0x554</size>
         <input_file_ref idref="fl-1e"/>
      </object_component>
      <object_component id="oc-f5">
         <name>.text</name>
         <load_address>0x23d69</load_address>
         <run_address>0x23d69</run_address>
         <size>0x543</size>
         <input_file_ref idref="fl-3c"/>
      </object_component>
      <object_component id="oc-113">
         <name>.text</name>
         <load_address>0x242ac</load_address>
         <run_address>0x242ac</run_address>
         <size>0x528</size>
         <input_file_ref idref="fl-43"/>
      </object_component>
      <object_component id="oc-140">
         <name>.text</name>
         <load_address>0x247d4</load_address>
         <run_address>0x247d4</run_address>
         <size>0x4b5</size>
         <input_file_ref idref="fl-4d"/>
      </object_component>
      <object_component id="oc-8a">
         <name>.text</name>
         <load_address>0x24c89</load_address>
         <run_address>0x24c89</run_address>
         <size>0x3cc</size>
         <input_file_ref idref="fl-23"/>
      </object_component>
      <object_component id="oc-1e">
         <name>.text</name>
         <load_address>0x25055</load_address>
         <run_address>0x25055</run_address>
         <size>0x31b</size>
         <input_file_ref idref="fl-4"/>
      </object_component>
      <object_component id="oc-2a">
         <name>.text</name>
         <load_address>0x25370</load_address>
         <run_address>0x25370</run_address>
         <size>0x2f7</size>
         <input_file_ref idref="fl-6"/>
      </object_component>
      <object_component id="oc-33">
         <name>.text</name>
         <load_address>0x25667</load_address>
         <run_address>0x25667</run_address>
         <size>0x2d2</size>
         <input_file_ref idref="fl-7"/>
      </object_component>
      <object_component id="oc-13a">
         <name>.text</name>
         <load_address>0x25939</load_address>
         <run_address>0x25939</run_address>
         <size>0x27f</size>
         <input_file_ref idref="fl-4c"/>
      </object_component>
      <object_component id="oc-f1">
         <name>.text</name>
         <load_address>0x25bb8</load_address>
         <run_address>0x25bb8</run_address>
         <size>0x25e</size>
         <input_file_ref idref="fl-3b"/>
      </object_component>
      <object_component id="oc-126">
         <name>.text</name>
         <load_address>0x25e16</load_address>
         <run_address>0x25e16</run_address>
         <size>0x25a</size>
         <input_file_ref idref="fl-47"/>
      </object_component>
      <object_component id="oc-d1">
         <name>.text</name>
         <load_address>0x26070</load_address>
         <run_address>0x26070</run_address>
         <size>0x1ea</size>
         <input_file_ref idref="fl-33"/>
      </object_component>
      <object_component id="oc-5c">
         <name>.text</name>
         <load_address>0x2625a</load_address>
         <run_address>0x2625a</run_address>
         <size>0x1d3</size>
         <input_file_ref idref="fl-19"/>
      </object_component>
      <object_component id="oc-3d">
         <name>.text</name>
         <load_address>0x2642d</load_address>
         <run_address>0x2642d</run_address>
         <size>0x192</size>
         <input_file_ref idref="fl-13"/>
      </object_component>
      <object_component id="oc-e4">
         <name>.text</name>
         <load_address>0x265bf</load_address>
         <run_address>0x265bf</run_address>
         <size>0x163</size>
         <input_file_ref idref="fl-38"/>
      </object_component>
      <object_component id="oc-a9">
         <name>.text</name>
         <load_address>0x26722</load_address>
         <run_address>0x26722</run_address>
         <size>0x14c</size>
         <input_file_ref idref="fl-2a"/>
      </object_component>
      <object_component id="oc-42">
         <name>.text</name>
         <load_address>0x2686e</load_address>
         <run_address>0x2686e</run_address>
         <size>0x107</size>
         <input_file_ref idref="fl-14"/>
      </object_component>
      <object_component id="oc-136">
         <name>.text</name>
         <load_address>0x26975</load_address>
         <run_address>0x26975</run_address>
         <size>0xe6</size>
         <input_file_ref idref="fl-4b"/>
      </object_component>
      <object_component id="oc-122">
         <name>.text</name>
         <load_address>0x26a5b</load_address>
         <run_address>0x26a5b</run_address>
         <size>0xdd</size>
         <input_file_ref idref="fl-46"/>
      </object_component>
      <object_component id="oc-58">
         <name>.text</name>
         <load_address>0x26b38</load_address>
         <run_address>0x26b38</run_address>
         <size>0xd6</size>
         <input_file_ref idref="fl-18"/>
      </object_component>
      <object_component id="oc-21">
         <name>.text:retain</name>
         <load_address>0x26c0e</load_address>
         <run_address>0x26c0e</run_address>
         <size>0xcc</size>
         <input_file_ref idref="fl-4"/>
      </object_component>
      <object_component id="oc-12">
         <name>.text</name>
         <load_address>0x26cda</load_address>
         <run_address>0x26cda</run_address>
         <size>0xc3</size>
         <input_file_ref idref="fl-2"/>
      </object_component>
      <object_component id="oc-12e">
         <name>.text</name>
         <load_address>0x26d9d</load_address>
         <run_address>0x26d9d</run_address>
         <size>0xc2</size>
         <input_file_ref idref="fl-49"/>
      </object_component>
      <object_component id="oc-11b">
         <name>.text:CIO_breakpoint</name>
         <load_address>0x26e5f</load_address>
         <run_address>0x26e5f</run_address>
         <size>0xba</size>
         <input_file_ref idref="fl-44"/>
      </object_component>
      <object_component id="oc-25">
         <name>.text</name>
         <load_address>0x26f19</load_address>
         <run_address>0x26f19</run_address>
         <size>0xb9</size>
         <input_file_ref idref="fl-5"/>
      </object_component>
      <object_component id="oc-e0">
         <name>.text</name>
         <load_address>0x26fd2</load_address>
         <run_address>0x26fd2</run_address>
         <size>0xa6</size>
         <input_file_ref idref="fl-37"/>
      </object_component>
      <object_component id="oc-8e">
         <name>.text</name>
         <load_address>0x27078</load_address>
         <run_address>0x27078</run_address>
         <size>0xa1</size>
         <input_file_ref idref="fl-24"/>
      </object_component>
      <object_component id="oc-48">
         <name>.text</name>
         <load_address>0x27119</load_address>
         <run_address>0x27119</run_address>
         <size>0x8e</size>
         <input_file_ref idref="fl-15"/>
      </object_component>
      <object_component id="oc-61">
         <name>.text</name>
         <load_address>0x271a7</load_address>
         <run_address>0x271a7</run_address>
         <size>0x8d</size>
         <input_file_ref idref="fl-1b"/>
      </object_component>
      <object_component id="oc-6a">
         <name>.text</name>
         <load_address>0x27234</load_address>
         <run_address>0x27234</run_address>
         <size>0x8c</size>
         <input_file_ref idref="fl-1d"/>
      </object_component>
      <object_component id="oc-4d">
         <name>.text</name>
         <load_address>0x272c0</load_address>
         <run_address>0x272c0</run_address>
         <size>0x87</size>
         <input_file_ref idref="fl-16"/>
      </object_component>
      <object_component id="oc-fb">
         <name>.text</name>
         <load_address>0x27347</load_address>
         <run_address>0x27347</run_address>
         <size>0x7d</size>
         <input_file_ref idref="fl-3d"/>
      </object_component>
      <object_component id="oc-147">
         <name>.text</name>
         <load_address>0x273c4</load_address>
         <run_address>0x273c4</run_address>
         <size>0x7b</size>
         <input_file_ref idref="fl-4e"/>
      </object_component>
      <object_component id="oc-e9">
         <name>.text</name>
         <load_address>0x2743f</load_address>
         <run_address>0x2743f</run_address>
         <size>0x76</size>
         <input_file_ref idref="fl-39"/>
      </object_component>
      <object_component id="oc-a1">
         <name>.text</name>
         <load_address>0x274b5</load_address>
         <run_address>0x274b5</run_address>
         <size>0x73</size>
         <input_file_ref idref="fl-28"/>
      </object_component>
      <object_component id="oc-b1">
         <name>.text</name>
         <load_address>0x27528</load_address>
         <run_address>0x27528</run_address>
         <size>0x72</size>
         <input_file_ref idref="fl-2c"/>
      </object_component>
      <object_component id="oc-9d">
         <name>.text</name>
         <load_address>0x2759a</load_address>
         <run_address>0x2759a</run_address>
         <size>0x6f</size>
         <input_file_ref idref="fl-27"/>
      </object_component>
      <object_component id="oc-65">
         <name>.text</name>
         <load_address>0x27609</load_address>
         <run_address>0x27609</run_address>
         <size>0x6d</size>
         <input_file_ref idref="fl-1c"/>
      </object_component>
      <object_component id="oc-118">
         <name>.text</name>
         <load_address>0x27676</load_address>
         <run_address>0x27676</run_address>
         <size>0x6d</size>
         <input_file_ref idref="fl-44"/>
      </object_component>
      <object_component id="oc-132">
         <name>.text</name>
         <load_address>0x276e3</load_address>
         <run_address>0x276e3</run_address>
         <size>0x6b</size>
         <input_file_ref idref="fl-4a"/>
      </object_component>
      <object_component id="oc-db">
         <name>.text</name>
         <load_address>0x2774e</load_address>
         <run_address>0x2774e</run_address>
         <size>0x67</size>
         <input_file_ref idref="fl-36"/>
      </object_component>
      <object_component id="oc-c9">
         <name>.text</name>
         <load_address>0x277b5</load_address>
         <run_address>0x277b5</run_address>
         <size>0x5c</size>
         <input_file_ref idref="fl-31"/>
      </object_component>
      <object_component id="oc-53">
         <name>.text</name>
         <load_address>0x27811</load_address>
         <run_address>0x27811</run_address>
         <size>0x54</size>
         <input_file_ref idref="fl-17"/>
      </object_component>
      <object_component id="oc-ad">
         <name>.text</name>
         <load_address>0x27865</load_address>
         <run_address>0x27865</run_address>
         <size>0x50</size>
         <input_file_ref idref="fl-2b"/>
      </object_component>
      <object_component id="oc-cd">
         <name>.text</name>
         <load_address>0x278b5</load_address>
         <run_address>0x278b5</run_address>
         <size>0x4d</size>
         <input_file_ref idref="fl-32"/>
      </object_component>
      <object_component id="oc-c5">
         <name>.text</name>
         <load_address>0x27902</load_address>
         <run_address>0x27902</run_address>
         <size>0x4b</size>
         <input_file_ref idref="fl-30"/>
      </object_component>
      <object_component id="oc-10b">
         <name>.text</name>
         <load_address>0x2794d</load_address>
         <run_address>0x2794d</run_address>
         <size>0x4b</size>
         <input_file_ref idref="fl-41"/>
      </object_component>
      <object_component id="oc-12a">
         <name>.text</name>
         <load_address>0x27998</load_address>
         <run_address>0x27998</run_address>
         <size>0x48</size>
         <input_file_ref idref="fl-48"/>
      </object_component>
      <object_component id="oc-103">
         <name>.text</name>
         <load_address>0x279e0</load_address>
         <run_address>0x279e0</run_address>
         <size>0x3f</size>
         <input_file_ref idref="fl-3f"/>
      </object_component>
      <object_component id="oc-92">
         <name>.text</name>
         <load_address>0x27a1f</load_address>
         <run_address>0x27a1f</run_address>
         <size>0x3e</size>
         <input_file_ref idref="fl-25"/>
      </object_component>
      <object_component id="oc-10">
         <name>.text</name>
         <load_address>0x27a5d</load_address>
         <run_address>0x27a5d</run_address>
         <size>0x34</size>
         <input_file_ref idref="fl-22"/>
      </object_component>
      <object_component id="oc-99">
         <name>.text</name>
         <load_address>0x27a91</load_address>
         <run_address>0x27a91</run_address>
         <size>0x2a</size>
         <input_file_ref idref="fl-26"/>
      </object_component>
      <object_component id="oc-11e">
         <name>.text</name>
         <load_address>0x27abb</load_address>
         <run_address>0x27abb</run_address>
         <size>0x2a</size>
         <input_file_ref idref="fl-45"/>
      </object_component>
      <object_component id="oc-ff">
         <name>.text</name>
         <load_address>0x27ae5</load_address>
         <run_address>0x27ae5</run_address>
         <size>0x23</size>
         <input_file_ref idref="fl-3e"/>
      </object_component>
      <object_component id="oc-ed">
         <name>.text</name>
         <load_address>0x27b08</load_address>
         <run_address>0x27b08</run_address>
         <size>0x1a</size>
         <input_file_ref idref="fl-3a"/>
      </object_component>
      <object_component id="oc-10f">
         <name>.text</name>
         <load_address>0x27b22</load_address>
         <run_address>0x27b22</run_address>
         <size>0x14</size>
         <input_file_ref idref="fl-42"/>
      </object_component>
      <object_component id="oc-a5">
         <name>.text</name>
         <load_address>0x27b36</load_address>
         <run_address>0x27b36</run_address>
         <size>0x13</size>
         <input_file_ref idref="fl-29"/>
      </object_component>
      <object_component id="oc-b9">
         <name>.text</name>
         <load_address>0x27b49</load_address>
         <run_address>0x27b49</run_address>
         <size>0x12</size>
         <input_file_ref idref="fl-2e"/>
      </object_component>
      <object_component id="oc-107">
         <name>.text</name>
         <load_address>0x27b5b</load_address>
         <run_address>0x27b5b</run_address>
         <size>0x10</size>
         <input_file_ref idref="fl-40"/>
      </object_component>
      <object_component id="oc-14b">
         <name>.text</name>
         <load_address>0x27b6b</load_address>
         <run_address>0x27b6b</run_address>
         <size>0xa</size>
         <input_file_ref idref="fl-4f"/>
      </object_component>
      <object_component id="oc-96">
         <name>.text:CIO_breakpoint</name>
         <load_address>0x27b75</load_address>
         <run_address>0x27b75</run_address>
         <size>0x7</size>
         <input_file_ref idref="fl-25"/>
      </object_component>
      <object_component id="oc-b5">
         <name>.text</name>
         <load_address>0x27b7c</load_address>
         <run_address>0x27b7c</run_address>
         <size>0x2</size>
         <input_file_ref idref="fl-2d"/>
      </object_component>
      <object_component id="oc-86">
         <name>.stack</name>
         <uninitialized>true</uninitialized>
         <run_address>0xc0</run_address>
         <size>0x0</size>
         <input_file_ref idref="fl-22"/>
      </object_component>
      <object_component id="oc-16b">
         <name>.stack</name>
         <uninitialized>true</uninitialized>
         <run_address>0xc0</run_address>
         <size>0x0</size>
      </object_component>
      <object_component id="oc-14f">
         <name>.sysstack</name>
         <uninitialized>true</uninitialized>
         <run_address>0x20c0</run_address>
         <size>0x0</size>
         <input_file_ref idref="fl-22"/>
      </object_component>
      <object_component id="oc-16d">
         <name>.sysstack</name>
         <uninitialized>true</uninitialized>
         <run_address>0x20c0</run_address>
         <size>0x0</size>
      </object_component>
      <object_component id="oc-2b">
         <name>.bss</name>
         <uninitialized>true</uninitialized>
         <run_address>0x30c0</run_address>
         <size>0x1870</size>
         <input_file_ref idref="fl-6"/>
      </object_component>
      <object_component id="oc-1f">
         <name>.bss</name>
         <uninitialized>true</uninitialized>
         <run_address>0x4930</run_address>
         <size>0x1010</size>
         <input_file_ref idref="fl-4"/>
      </object_component>
      <object_component id="oc-d7">
         <name>.bss</name>
         <uninitialized>true</uninitialized>
         <run_address>0x5940</run_address>
         <size>0x232</size>
         <input_file_ref idref="fl-35"/>
      </object_component>
      <object_component id="oc-13b">
         <name>.bss</name>
         <uninitialized>true</uninitialized>
         <run_address>0x5b72</run_address>
         <size>0x2</size>
         <input_file_ref idref="fl-4c"/>
      </object_component>
      <object_component id="oc-39">
         <name>.bss</name>
         <uninitialized>true</uninitialized>
         <run_address>0x5b74</run_address>
         <size>0x204</size>
         <input_file_ref idref="fl-8"/>
      </object_component>
      <object_component id="oc-114">
         <name>.bss</name>
         <uninitialized>true</uninitialized>
         <run_address>0x5d78</run_address>
         <size>0x1a0</size>
         <input_file_ref idref="fl-43"/>
      </object_component>
      <object_component id="oc-6f">
         <name>.bss</name>
         <uninitialized>true</uninitialized>
         <run_address>0x5f18</run_address>
         <size>0x108</size>
         <input_file_ref idref="fl-1e"/>
      </object_component>
      <object_component id="oc-f6">
         <name>.bss</name>
         <uninitialized>true</uninitialized>
         <run_address>0x6020</run_address>
         <size>0xe2</size>
         <input_file_ref idref="fl-3c"/>
      </object_component>
      <object_component id="oc-75">
         <name>.bss</name>
         <uninitialized>true</uninitialized>
         <run_address>0x6102</run_address>
         <size>0x54</size>
         <input_file_ref idref="fl-1f"/>
      </object_component>
      <object_component id="oc-7c">
         <name>.bss</name>
         <uninitialized>true</uninitialized>
         <run_address>0x6158</run_address>
         <size>0x24</size>
         <input_file_ref idref="fl-20"/>
      </object_component>
      <object_component id="oc-141">
         <name>.bss</name>
         <uninitialized>true</uninitialized>
         <run_address>0x617c</run_address>
         <size>0xc</size>
         <input_file_ref idref="fl-4d"/>
      </object_component>
      <object_component id="oc-4e">
         <name>.bss</name>
         <uninitialized>true</uninitialized>
         <run_address>0x6188</run_address>
         <size>0x8</size>
         <input_file_ref idref="fl-16"/>
      </object_component>
      <object_component id="oc-ba">
         <name>.bss</name>
         <uninitialized>true</uninitialized>
         <run_address>0x6190</run_address>
         <size>0x8</size>
         <input_file_ref idref="fl-2e"/>
      </object_component>
      <object_component id="oc-93">
         <name>.bss</name>
         <uninitialized>true</uninitialized>
         <run_address>0x6198</run_address>
         <size>0x8</size>
         <input_file_ref idref="fl-25"/>
      </object_component>
      <object_component id="oc-13">
         <name>.bss</name>
         <uninitialized>true</uninitialized>
         <run_address>0x61a0</run_address>
         <size>0x4</size>
         <input_file_ref idref="fl-2"/>
      </object_component>
      <object_component id="oc-43">
         <name>.bss</name>
         <uninitialized>true</uninitialized>
         <run_address>0x61a4</run_address>
         <size>0x4</size>
         <input_file_ref idref="fl-14"/>
      </object_component>
      <object_component id="oc-60">
         <name>.const:twiddle</name>
         <load_address>0x8200</load_address>
         <run_address>0x8200</run_address>
         <size>0x800</size>
         <input_file_ref idref="fl-1a"/>
      </object_component>
      <object_component id="oc-1a">
         <name>.const:.string</name>
         <load_address>0x8a00</load_address>
         <run_address>0x8a00</run_address>
         <size>0x2e8</size>
         <input_file_ref idref="fl-3"/>
      </object_component>
      <object_component id="oc-153">
         <name>.const:__ctypes_</name>
         <load_address>0x8ce8</load_address>
         <run_address>0x8ce8</run_address>
         <size>0x202</size>
         <input_file_ref idref="fl-34"/>
      </object_component>
      <object_component id="oc-151">
         <name>.const:_consolas_8ptBitmaps</name>
         <load_address>0x8eea</load_address>
         <run_address>0x8eea</run_address>
         <size>0xc0</size>
         <input_file_ref idref="fl-7"/>
      </object_component>
      <object_component id="oc-35">
         <name>.const</name>
         <load_address>0x8faa</load_address>
         <run_address>0x8faa</run_address>
         <size>0x2</size>
         <input_file_ref idref="fl-7"/>
      </object_component>
      <object_component id="oc-2f">
         <name>.const:.string</name>
         <load_address>0x8fac</load_address>
         <run_address>0x8fac</run_address>
         <size>0x5a</size>
         <input_file_ref idref="fl-6"/>
      </object_component>
      <object_component id="oc-c2">
         <name>.const:.string</name>
         <load_address>0x9008</load_address>
         <run_address>0x9008</run_address>
         <size>0x48</size>
         <input_file_ref idref="fl-2f"/>
      </object_component>
      <object_component id="oc-c1">
         <name>.const</name>
         <load_address>0x9050</load_address>
         <run_address>0x9050</run_address>
         <size>0x18</size>
         <input_file_ref idref="fl-2f"/>
      </object_component>
      <object_component id="oc-152">
         <name>.const:_initial_approx$1</name>
         <load_address>0x9068</load_address>
         <run_address>0x9068</run_address>
         <size>0x10</size>
         <input_file_ref idref="fl-23"/>
      </object_component>
      <object_component id="oc-2e">
         <name>.const</name>
         <load_address>0x9078</load_address>
         <run_address>0x9078</run_address>
         <size>0x8</size>
         <input_file_ref idref="fl-6"/>
      </object_component>
      <object_component id="oc-e6">
         <name>.const:.string</name>
         <load_address>0x9080</load_address>
         <run_address>0x9080</run_address>
         <size>0x4</size>
         <input_file_ref idref="fl-38"/>
      </object_component>
      <object_component id="oc-dd">
         <name>.const</name>
         <load_address>0x9084</load_address>
         <run_address>0x9084</run_address>
         <size>0x4</size>
         <input_file_ref idref="fl-36"/>
      </object_component>
      <object_component id="oc-144">
         <name>.sysmem</name>
         <uninitialized>true</uninitialized>
         <run_address>0x61a8</run_address>
         <size>0x0</size>
         <input_file_ref idref="fl-4d"/>
      </object_component>
      <object_component id="oc-16c">
         <name>.sysmem</name>
         <uninitialized>true</uninitialized>
         <run_address>0x61a8</run_address>
         <size>0x0</size>
      </object_component>
      <object_component id="oc-150">
         <name>.switch:_printChar</name>
         <load_address>0x405c8</load_address>
         <run_address>0x405c8</run_address>
         <size>0x28</size>
         <input_file_ref idref="fl-7"/>
      </object_component>
      <object_component id="oc-3b">
         <name>.cinit</name>
         <load_address>0x40000</load_address>
         <run_address>0x40000</run_address>
         <size>0x210</size>
         <input_file_ref idref="fl-8"/>
      </object_component>
      <object_component id="oc-2d">
         <name>.cinit</name>
         <load_address>0x40210</load_address>
         <run_address>0x40210</run_address>
         <size>0x7c</size>
         <input_file_ref idref="fl-6"/>
      </object_component>
      <object_component id="oc-f8">
         <name>.cinit</name>
         <load_address>0x4028c</load_address>
         <run_address>0x4028c</run_address>
         <size>0x5a</size>
         <input_file_ref idref="fl-3c"/>
      </object_component>
      <object_component id="oc-d9">
         <name>.cinit</name>
         <load_address>0x402e6</load_address>
         <run_address>0x402e6</run_address>
         <size>0x54</size>
         <input_file_ref idref="fl-35"/>
      </object_component>
      <object_component id="oc-bc">
         <name>.cinit</name>
         <load_address>0x4033a</load_address>
         <run_address>0x4033a</run_address>
         <size>0x14</size>
         <input_file_ref idref="fl-2e"/>
      </object_component>
      <object_component id="oc-95">
         <name>.cinit</name>
         <load_address>0x4034e</load_address>
         <run_address>0x4034e</run_address>
         <size>0x14</size>
         <input_file_ref idref="fl-25"/>
      </object_component>
      <object_component id="oc-77">
         <name>.cinit</name>
         <load_address>0x40362</load_address>
         <run_address>0x40362</run_address>
         <size>0x10</size>
         <input_file_ref idref="fl-1f"/>
      </object_component>
      <object_component id="oc-13d">
         <name>.cinit</name>
         <load_address>0x40372</load_address>
         <run_address>0x40372</run_address>
         <size>0x8</size>
         <input_file_ref idref="fl-4c"/>
      </object_component>
      <object_component id="oc-143">
         <name>.cinit</name>
         <load_address>0x4037a</load_address>
         <run_address>0x4037a</run_address>
         <size>0x8</size>
         <input_file_ref idref="fl-4d"/>
      </object_component>
      <object_component id="oc-11a">
         <name>.cio</name>
         <uninitialized>true</uninitialized>
         <run_address>0x40388</run_address>
         <size>0x240</size>
         <input_file_ref idref="fl-44"/>
      </object_component>
      <object_component id="oc-66">
         <name>vectors</name>
         <load_address>0x4fe00</load_address>
         <run_address>0x4fe00</run_address>
         <size>0x100</size>
         <input_file_ref idref="fl-1c"/>
      </object_component>
      <object_component id="oc-11">
         <name>vectors</name>
         <load_address>0x4ff00</load_address>
         <run_address>0x4ff00</run_address>
         <size>0x100</size>
         <input_file_ref idref="fl-2d"/>
      </object_component>
      <object_component id="oc-14">
         <name>.debug_info</name>
         <load_address>0x0</load_address>
         <run_address>0x0</run_address>
         <size>0xc73</size>
         <input_file_ref idref="fl-2"/>
      </object_component>
      <object_component id="oc-19">
         <name>.debug_info</name>
         <load_address>0xc73</load_address>
         <run_address>0xc73</run_address>
         <size>0x1bca</size>
         <input_file_ref idref="fl-3"/>
      </object_component>
      <object_component id="oc-20">
         <name>.debug_info</name>
         <load_address>0x283d</load_address>
         <run_address>0x283d</run_address>
         <size>0x105e</size>
         <input_file_ref idref="fl-4"/>
      </object_component>
      <object_component id="oc-26">
         <name>.debug_info</name>
         <load_address>0x389b</load_address>
         <run_address>0x389b</run_address>
         <size>0x633</size>
         <input_file_ref idref="fl-5"/>
      </object_component>
      <object_component id="oc-2c">
         <name>.debug_info</name>
         <load_address>0x3ece</load_address>
         <run_address>0x3ece</run_address>
         <size>0x104f</size>
         <input_file_ref idref="fl-6"/>
      </object_component>
      <object_component id="oc-34">
         <name>.debug_info</name>
         <load_address>0x4f1d</load_address>
         <run_address>0x4f1d</run_address>
         <size>0xcfc</size>
         <input_file_ref idref="fl-7"/>
      </object_component>
      <object_component id="oc-3a">
         <name>.debug_info</name>
         <load_address>0x5c19</load_address>
         <run_address>0x5c19</run_address>
         <size>0x4da</size>
         <input_file_ref idref="fl-8"/>
      </object_component>
      <object_component id="oc-3e">
         <name>.debug_info</name>
         <load_address>0x60f3</load_address>
         <run_address>0x60f3</run_address>
         <size>0x5f6b</size>
         <input_file_ref idref="fl-13"/>
      </object_component>
      <object_component id="oc-44">
         <name>.debug_info</name>
         <load_address>0xc05e</load_address>
         <run_address>0xc05e</run_address>
         <size>0x6979</size>
         <input_file_ref idref="fl-14"/>
      </object_component>
      <object_component id="oc-49">
         <name>.debug_info</name>
         <load_address>0x129d7</load_address>
         <run_address>0x129d7</run_address>
         <size>0x65d7</size>
         <input_file_ref idref="fl-15"/>
      </object_component>
      <object_component id="oc-4f">
         <name>.debug_info</name>
         <load_address>0x18fae</load_address>
         <run_address>0x18fae</run_address>
         <size>0x63d2</size>
         <input_file_ref idref="fl-16"/>
      </object_component>
      <object_component id="oc-54">
         <name>.debug_info</name>
         <load_address>0x1f380</load_address>
         <run_address>0x1f380</run_address>
         <size>0x5896</size>
         <input_file_ref idref="fl-17"/>
      </object_component>
      <object_component id="oc-59">
         <name>.debug_info</name>
         <load_address>0x24c16</load_address>
         <run_address>0x24c16</run_address>
         <size>0xcf</size>
         <input_file_ref idref="fl-18"/>
      </object_component>
      <object_component id="oc-5d">
         <name>.debug_info</name>
         <load_address>0x24ce5</load_address>
         <run_address>0x24ce5</run_address>
         <size>0xda</size>
         <input_file_ref idref="fl-19"/>
      </object_component>
      <object_component id="oc-62">
         <name>.debug_info</name>
         <load_address>0x24dbf</load_address>
         <run_address>0x24dbf</run_address>
         <size>0xd1</size>
         <input_file_ref idref="fl-1b"/>
      </object_component>
      <object_component id="oc-67">
         <name>.debug_info</name>
         <load_address>0x24e90</load_address>
         <run_address>0x24e90</run_address>
         <size>0x1a4</size>
         <input_file_ref idref="fl-1c"/>
      </object_component>
      <object_component id="oc-6b">
         <name>.debug_info</name>
         <load_address>0x25034</load_address>
         <run_address>0x25034</run_address>
         <size>0x18e</size>
         <input_file_ref idref="fl-1d"/>
      </object_component>
      <object_component id="oc-70">
         <name>.debug_info</name>
         <load_address>0x251c2</load_address>
         <run_address>0x251c2</run_address>
         <size>0x6f61</size>
         <input_file_ref idref="fl-1e"/>
      </object_component>
      <object_component id="oc-76">
         <name>.debug_info</name>
         <load_address>0x2c123</load_address>
         <run_address>0x2c123</run_address>
         <size>0x710f</size>
         <input_file_ref idref="fl-1f"/>
      </object_component>
      <object_component id="oc-7d">
         <name>.debug_info</name>
         <load_address>0x33232</load_address>
         <run_address>0x33232</run_address>
         <size>0x7424</size>
         <input_file_ref idref="fl-20"/>
      </object_component>
      <object_component id="oc-82">
         <name>.debug_info</name>
         <load_address>0x3a656</load_address>
         <run_address>0x3a656</run_address>
         <size>0x6ced</size>
         <input_file_ref idref="fl-21"/>
      </object_component>
      <object_component id="oc-87">
         <name>.debug_info</name>
         <load_address>0x41343</load_address>
         <run_address>0x41343</run_address>
         <size>0xe8</size>
         <input_file_ref idref="fl-22"/>
      </object_component>
      <object_component id="oc-8b">
         <name>.debug_info</name>
         <load_address>0x4142b</load_address>
         <run_address>0x4142b</run_address>
         <size>0x7e8</size>
         <input_file_ref idref="fl-23"/>
      </object_component>
      <object_component id="oc-8f">
         <name>.debug_info</name>
         <load_address>0x41c13</load_address>
         <run_address>0x41c13</run_address>
         <size>0x534</size>
         <input_file_ref idref="fl-24"/>
      </object_component>
      <object_component id="oc-94">
         <name>.debug_info</name>
         <load_address>0x42147</load_address>
         <run_address>0x42147</run_address>
         <size>0x5fb</size>
         <input_file_ref idref="fl-25"/>
      </object_component>
      <object_component id="oc-9a">
         <name>.debug_info</name>
         <load_address>0x42742</load_address>
         <run_address>0x42742</run_address>
         <size>0x4cf</size>
         <input_file_ref idref="fl-26"/>
      </object_component>
      <object_component id="oc-9e">
         <name>.debug_info</name>
         <load_address>0x42c11</load_address>
         <run_address>0x42c11</run_address>
         <size>0x534</size>
         <input_file_ref idref="fl-27"/>
      </object_component>
      <object_component id="oc-a2">
         <name>.debug_info</name>
         <load_address>0x43145</load_address>
         <run_address>0x43145</run_address>
         <size>0x53e</size>
         <input_file_ref idref="fl-28"/>
      </object_component>
      <object_component id="oc-a6">
         <name>.debug_info</name>
         <load_address>0x43683</load_address>
         <run_address>0x43683</run_address>
         <size>0xbd</size>
         <input_file_ref idref="fl-29"/>
      </object_component>
      <object_component id="oc-aa">
         <name>.debug_info</name>
         <load_address>0x43740</load_address>
         <run_address>0x43740</run_address>
         <size>0x55b</size>
         <input_file_ref idref="fl-2a"/>
      </object_component>
      <object_component id="oc-ae">
         <name>.debug_info</name>
         <load_address>0x43c9b</load_address>
         <run_address>0x43c9b</run_address>
         <size>0x76c</size>
         <input_file_ref idref="fl-2b"/>
      </object_component>
      <object_component id="oc-b2">
         <name>.debug_info</name>
         <load_address>0x44407</load_address>
         <run_address>0x44407</run_address>
         <size>0x534</size>
         <input_file_ref idref="fl-2c"/>
      </object_component>
      <object_component id="oc-b6">
         <name>.debug_info</name>
         <load_address>0x4493b</load_address>
         <run_address>0x4493b</run_address>
         <size>0xbc</size>
         <input_file_ref idref="fl-2d"/>
      </object_component>
      <object_component id="oc-bb">
         <name>.debug_info</name>
         <load_address>0x449f7</load_address>
         <run_address>0x449f7</run_address>
         <size>0x5bc</size>
         <input_file_ref idref="fl-2e"/>
      </object_component>
      <object_component id="oc-c0">
         <name>.debug_info</name>
         <load_address>0x44fb3</load_address>
         <run_address>0x44fb3</run_address>
         <size>0x27bd</size>
         <input_file_ref idref="fl-2f"/>
      </object_component>
      <object_component id="oc-c6">
         <name>.debug_info</name>
         <load_address>0x47770</load_address>
         <run_address>0x47770</run_address>
         <size>0x586</size>
         <input_file_ref idref="fl-30"/>
      </object_component>
      <object_component id="oc-ca">
         <name>.debug_info</name>
         <load_address>0x47cf6</load_address>
         <run_address>0x47cf6</run_address>
         <size>0x5a4</size>
         <input_file_ref idref="fl-31"/>
      </object_component>
      <object_component id="oc-ce">
         <name>.debug_info</name>
         <load_address>0x4829a</load_address>
         <run_address>0x4829a</run_address>
         <size>0xcd</size>
         <input_file_ref idref="fl-32"/>
      </object_component>
      <object_component id="oc-d2">
         <name>.debug_info</name>
         <load_address>0x48367</load_address>
         <run_address>0x48367</run_address>
         <size>0x81f</size>
         <input_file_ref idref="fl-33"/>
      </object_component>
      <object_component id="oc-d5">
         <name>.debug_info</name>
         <load_address>0x48b86</load_address>
         <run_address>0x48b86</run_address>
         <size>0x498</size>
         <input_file_ref idref="fl-34"/>
      </object_component>
      <object_component id="oc-d8">
         <name>.debug_info</name>
         <load_address>0x4901e</load_address>
         <run_address>0x4901e</run_address>
         <size>0x57e</size>
         <input_file_ref idref="fl-35"/>
      </object_component>
      <object_component id="oc-dc">
         <name>.debug_info</name>
         <load_address>0x4959c</load_address>
         <run_address>0x4959c</run_address>
         <size>0x549</size>
         <input_file_ref idref="fl-36"/>
      </object_component>
      <object_component id="oc-e1">
         <name>.debug_info</name>
         <load_address>0x49ae5</load_address>
         <run_address>0x49ae5</run_address>
         <size>0x6aa</size>
         <input_file_ref idref="fl-37"/>
      </object_component>
      <object_component id="oc-e5">
         <name>.debug_info</name>
         <load_address>0x4a18f</load_address>
         <run_address>0x4a18f</run_address>
         <size>0x942</size>
         <input_file_ref idref="fl-38"/>
      </object_component>
      <object_component id="oc-ea">
         <name>.debug_info</name>
         <load_address>0x4aad1</load_address>
         <run_address>0x4aad1</run_address>
         <size>0x4d2</size>
         <input_file_ref idref="fl-39"/>
      </object_component>
      <object_component id="oc-ee">
         <name>.debug_info</name>
         <load_address>0x4afa3</load_address>
         <run_address>0x4afa3</run_address>
         <size>0x680</size>
         <input_file_ref idref="fl-3a"/>
      </object_component>
      <object_component id="oc-f2">
         <name>.debug_info</name>
         <load_address>0x4b623</load_address>
         <run_address>0x4b623</run_address>
         <size>0x7d4</size>
         <input_file_ref idref="fl-3b"/>
      </object_component>
      <object_component id="oc-f7">
         <name>.debug_info</name>
         <load_address>0x4bdf7</load_address>
         <run_address>0x4bdf7</run_address>
         <size>0x144b</size>
         <input_file_ref idref="fl-3c"/>
      </object_component>
      <object_component id="oc-fc">
         <name>.debug_info</name>
         <load_address>0x4d242</load_address>
         <run_address>0x4d242</run_address>
         <size>0x5ad</size>
         <input_file_ref idref="fl-3d"/>
      </object_component>
      <object_component id="oc-100">
         <name>.debug_info</name>
         <load_address>0x4d7ef</load_address>
         <run_address>0x4d7ef</run_address>
         <size>0x574</size>
         <input_file_ref idref="fl-3e"/>
      </object_component>
      <object_component id="oc-104">
         <name>.debug_info</name>
         <load_address>0x4dd63</load_address>
         <run_address>0x4dd63</run_address>
         <size>0xd1</size>
         <input_file_ref idref="fl-3f"/>
      </object_component>
      <object_component id="oc-108">
         <name>.debug_info</name>
         <load_address>0x4de34</load_address>
         <run_address>0x4de34</run_address>
         <size>0x4b7</size>
         <input_file_ref idref="fl-40"/>
      </object_component>
      <object_component id="oc-10c">
         <name>.debug_info</name>
         <load_address>0x4e2eb</load_address>
         <run_address>0x4e2eb</run_address>
         <size>0x4f2</size>
         <input_file_ref idref="fl-41"/>
      </object_component>
      <object_component id="oc-110">
         <name>.debug_info</name>
         <load_address>0x4e7dd</load_address>
         <run_address>0x4e7dd</run_address>
         <size>0x4de</size>
         <input_file_ref idref="fl-42"/>
      </object_component>
      <object_component id="oc-115">
         <name>.debug_info</name>
         <load_address>0x4ecbb</load_address>
         <run_address>0x4ecbb</run_address>
         <size>0xed4</size>
         <input_file_ref idref="fl-43"/>
      </object_component>
      <object_component id="oc-119">
         <name>.debug_info</name>
         <load_address>0x4fb8f</load_address>
         <run_address>0x4fb8f</run_address>
         <size>0x744</size>
         <input_file_ref idref="fl-44"/>
      </object_component>
      <object_component id="oc-11f">
         <name>.debug_info</name>
         <load_address>0x502d3</load_address>
         <run_address>0x502d3</run_address>
         <size>0xef</size>
         <input_file_ref idref="fl-45"/>
      </object_component>
      <object_component id="oc-123">
         <name>.debug_info</name>
         <load_address>0x503c2</load_address>
         <run_address>0x503c2</run_address>
         <size>0x662</size>
         <input_file_ref idref="fl-46"/>
      </object_component>
      <object_component id="oc-127">
         <name>.debug_info</name>
         <load_address>0x50a24</load_address>
         <run_address>0x50a24</run_address>
         <size>0x5ab</size>
         <input_file_ref idref="fl-47"/>
      </object_component>
      <object_component id="oc-12b">
         <name>.debug_info</name>
         <load_address>0x50fcf</load_address>
         <run_address>0x50fcf</run_address>
         <size>0x4f2</size>
         <input_file_ref idref="fl-48"/>
      </object_component>
      <object_component id="oc-12f">
         <name>.debug_info</name>
         <load_address>0x514c1</load_address>
         <run_address>0x514c1</run_address>
         <size>0x706</size>
         <input_file_ref idref="fl-49"/>
      </object_component>
      <object_component id="oc-133">
         <name>.debug_info</name>
         <load_address>0x51bc7</load_address>
         <run_address>0x51bc7</run_address>
         <size>0x5f7</size>
         <input_file_ref idref="fl-4a"/>
      </object_component>
      <object_component id="oc-137">
         <name>.debug_info</name>
         <load_address>0x521be</load_address>
         <run_address>0x521be</run_address>
         <size>0x64a</size>
         <input_file_ref idref="fl-4b"/>
      </object_component>
      <object_component id="oc-13c">
         <name>.debug_info</name>
         <load_address>0x52808</load_address>
         <run_address>0x52808</run_address>
         <size>0xa1c</size>
         <input_file_ref idref="fl-4c"/>
      </object_component>
      <object_component id="oc-142">
         <name>.debug_info</name>
         <load_address>0x53224</load_address>
         <run_address>0x53224</run_address>
         <size>0xb97</size>
         <input_file_ref idref="fl-4d"/>
      </object_component>
      <object_component id="oc-148">
         <name>.debug_info</name>
         <load_address>0x53dbb</load_address>
         <run_address>0x53dbb</run_address>
         <size>0x64f</size>
         <input_file_ref idref="fl-4e"/>
      </object_component>
      <object_component id="oc-14c">
         <name>.debug_info</name>
         <load_address>0x5440a</load_address>
         <run_address>0x5440a</run_address>
         <size>0x510</size>
         <input_file_ref idref="fl-4f"/>
      </object_component>
      <object_component id="oc-174">
         <name>.debug_info</name>
         <load_address>0x5491a</load_address>
         <run_address>0x5491a</run_address>
         <size>0x6e</size>
      </object_component>
      <object_component id="oc-15">
         <name>.debug_frame</name>
         <load_address>0x0</load_address>
         <run_address>0x0</run_address>
         <size>0x171</size>
         <input_file_ref idref="fl-2"/>
      </object_component>
      <object_component id="oc-1b">
         <name>.debug_frame</name>
         <load_address>0x171</load_address>
         <run_address>0x171</run_address>
         <size>0x121</size>
         <input_file_ref idref="fl-3"/>
      </object_component>
      <object_component id="oc-22">
         <name>.debug_frame</name>
         <load_address>0x292</load_address>
         <run_address>0x292</run_address>
         <size>0x16a</size>
         <input_file_ref idref="fl-4"/>
      </object_component>
      <object_component id="oc-27">
         <name>.debug_frame</name>
         <load_address>0x3fc</load_address>
         <run_address>0x3fc</run_address>
         <size>0xe5</size>
         <input_file_ref idref="fl-5"/>
      </object_component>
      <object_component id="oc-30">
         <name>.debug_frame</name>
         <load_address>0x4e1</load_address>
         <run_address>0x4e1</run_address>
         <size>0xfc</size>
         <input_file_ref idref="fl-6"/>
      </object_component>
      <object_component id="oc-36">
         <name>.debug_frame</name>
         <load_address>0x5dd</load_address>
         <run_address>0x5dd</run_address>
         <size>0x13b</size>
         <input_file_ref idref="fl-7"/>
      </object_component>
      <object_component id="oc-3f">
         <name>.debug_frame</name>
         <load_address>0x718</load_address>
         <run_address>0x718</run_address>
         <size>0x13a</size>
         <input_file_ref idref="fl-13"/>
      </object_component>
      <object_component id="oc-45">
         <name>.debug_frame</name>
         <load_address>0x852</load_address>
         <run_address>0x852</run_address>
         <size>0x171</size>
         <input_file_ref idref="fl-14"/>
      </object_component>
      <object_component id="oc-4a">
         <name>.debug_frame</name>
         <load_address>0x9c3</load_address>
         <run_address>0x9c3</run_address>
         <size>0x138</size>
         <input_file_ref idref="fl-15"/>
      </object_component>
      <object_component id="oc-50">
         <name>.debug_frame</name>
         <load_address>0xafb</load_address>
         <run_address>0xafb</run_address>
         <size>0x138</size>
         <input_file_ref idref="fl-16"/>
      </object_component>
      <object_component id="oc-55">
         <name>.debug_frame</name>
         <load_address>0xc33</load_address>
         <run_address>0xc33</run_address>
         <size>0x116</size>
         <input_file_ref idref="fl-17"/>
      </object_component>
      <object_component id="oc-71">
         <name>.debug_frame</name>
         <load_address>0xd49</load_address>
         <run_address>0xd49</run_address>
         <size>0x2a1</size>
         <input_file_ref idref="fl-1e"/>
      </object_component>
      <object_component id="oc-78">
         <name>.debug_frame</name>
         <load_address>0xfea</load_address>
         <run_address>0xfea</run_address>
         <size>0x197</size>
         <input_file_ref idref="fl-1f"/>
      </object_component>
      <object_component id="oc-7e">
         <name>.debug_frame</name>
         <load_address>0x1181</load_address>
         <run_address>0x1181</run_address>
         <size>0x1ef</size>
         <input_file_ref idref="fl-20"/>
      </object_component>
      <object_component id="oc-83">
         <name>.debug_frame</name>
         <load_address>0x1370</load_address>
         <run_address>0x1370</run_address>
         <size>0x224</size>
         <input_file_ref idref="fl-21"/>
      </object_component>
      <object_component id="oc-16">
         <name>.debug_line</name>
         <load_address>0x0</load_address>
         <run_address>0x0</run_address>
         <size>0xd0</size>
         <input_file_ref idref="fl-2"/>
      </object_component>
      <object_component id="oc-1c">
         <name>.debug_line</name>
         <load_address>0xd0</load_address>
         <run_address>0xd0</run_address>
         <size>0x253</size>
         <input_file_ref idref="fl-3"/>
      </object_component>
      <object_component id="oc-23">
         <name>.debug_line</name>
         <load_address>0x323</load_address>
         <run_address>0x323</run_address>
         <size>0x198</size>
         <input_file_ref idref="fl-4"/>
      </object_component>
      <object_component id="oc-28">
         <name>.debug_line</name>
         <load_address>0x4bb</load_address>
         <run_address>0x4bb</run_address>
         <size>0x4d</size>
         <input_file_ref idref="fl-5"/>
      </object_component>
      <object_component id="oc-31">
         <name>.debug_line</name>
         <load_address>0x508</load_address>
         <run_address>0x508</run_address>
         <size>0x127</size>
         <input_file_ref idref="fl-6"/>
      </object_component>
      <object_component id="oc-37">
         <name>.debug_line</name>
         <load_address>0x62f</load_address>
         <run_address>0x62f</run_address>
         <size>0x1d6</size>
         <input_file_ref idref="fl-7"/>
      </object_component>
      <object_component id="oc-40">
         <name>.debug_line</name>
         <load_address>0x805</load_address>
         <run_address>0x805</run_address>
         <size>0x6ca</size>
         <input_file_ref idref="fl-13"/>
      </object_component>
      <object_component id="oc-46">
         <name>.debug_line</name>
         <load_address>0xecf</load_address>
         <run_address>0xecf</run_address>
         <size>0x69c</size>
         <input_file_ref idref="fl-14"/>
      </object_component>
      <object_component id="oc-4b">
         <name>.debug_line</name>
         <load_address>0x156b</load_address>
         <run_address>0x156b</run_address>
         <size>0x659</size>
         <input_file_ref idref="fl-15"/>
      </object_component>
      <object_component id="oc-51">
         <name>.debug_line</name>
         <load_address>0x1bc4</load_address>
         <run_address>0x1bc4</run_address>
         <size>0x653</size>
         <input_file_ref idref="fl-16"/>
      </object_component>
      <object_component id="oc-56">
         <name>.debug_line</name>
         <load_address>0x2217</load_address>
         <run_address>0x2217</run_address>
         <size>0x59c</size>
         <input_file_ref idref="fl-17"/>
      </object_component>
      <object_component id="oc-5a">
         <name>.debug_line</name>
         <load_address>0x27b3</load_address>
         <run_address>0x27b3</run_address>
         <size>0x83</size>
         <input_file_ref idref="fl-18"/>
      </object_component>
      <object_component id="oc-5e">
         <name>.debug_line</name>
         <load_address>0x2836</load_address>
         <run_address>0x2836</run_address>
         <size>0xfe</size>
         <input_file_ref idref="fl-19"/>
      </object_component>
      <object_component id="oc-63">
         <name>.debug_line</name>
         <load_address>0x2934</load_address>
         <run_address>0x2934</run_address>
         <size>0x65</size>
         <input_file_ref idref="fl-1b"/>
      </object_component>
      <object_component id="oc-68">
         <name>.debug_line</name>
         <load_address>0x2999</load_address>
         <run_address>0x2999</run_address>
         <size>0xa8</size>
         <input_file_ref idref="fl-1c"/>
      </object_component>
      <object_component id="oc-6c">
         <name>.debug_line</name>
         <load_address>0x2a41</load_address>
         <run_address>0x2a41</run_address>
         <size>0xab</size>
         <input_file_ref idref="fl-1d"/>
      </object_component>
      <object_component id="oc-72">
         <name>.debug_line</name>
         <load_address>0x2aec</load_address>
         <run_address>0x2aec</run_address>
         <size>0x83c</size>
         <input_file_ref idref="fl-1e"/>
      </object_component>
      <object_component id="oc-79">
         <name>.debug_line</name>
         <load_address>0x3328</load_address>
         <run_address>0x3328</run_address>
         <size>0x94c</size>
         <input_file_ref idref="fl-1f"/>
      </object_component>
      <object_component id="oc-7f">
         <name>.debug_line</name>
         <load_address>0x3c74</load_address>
         <run_address>0x3c74</run_address>
         <size>0x96d</size>
         <input_file_ref idref="fl-20"/>
      </object_component>
      <object_component id="oc-84">
         <name>.debug_line</name>
         <load_address>0x45e1</load_address>
         <run_address>0x45e1</run_address>
         <size>0x7c8</size>
         <input_file_ref idref="fl-21"/>
      </object_component>
      <object_component id="oc-88">
         <name>.debug_line</name>
         <load_address>0x4da9</load_address>
         <run_address>0x4da9</run_address>
         <size>0x54</size>
         <input_file_ref idref="fl-22"/>
      </object_component>
      <object_component id="oc-8c">
         <name>.debug_line</name>
         <load_address>0x4dfd</load_address>
         <run_address>0x4dfd</run_address>
         <size>0x5b</size>
         <input_file_ref idref="fl-23"/>
      </object_component>
      <object_component id="oc-90">
         <name>.debug_line</name>
         <load_address>0x4e58</load_address>
         <run_address>0x4e58</run_address>
         <size>0x44</size>
         <input_file_ref idref="fl-24"/>
      </object_component>
      <object_component id="oc-97">
         <name>.debug_line</name>
         <load_address>0x4e9c</load_address>
         <run_address>0x4e9c</run_address>
         <size>0x51</size>
         <input_file_ref idref="fl-25"/>
      </object_component>
      <object_component id="oc-9b">
         <name>.debug_line</name>
         <load_address>0x4eed</load_address>
         <run_address>0x4eed</run_address>
         <size>0x3d</size>
         <input_file_ref idref="fl-26"/>
      </object_component>
      <object_component id="oc-9f">
         <name>.debug_line</name>
         <load_address>0x4f2a</load_address>
         <run_address>0x4f2a</run_address>
         <size>0x3d</size>
         <input_file_ref idref="fl-27"/>
      </object_component>
      <object_component id="oc-a3">
         <name>.debug_line</name>
         <load_address>0x4f67</load_address>
         <run_address>0x4f67</run_address>
         <size>0x40</size>
         <input_file_ref idref="fl-28"/>
      </object_component>
      <object_component id="oc-a7">
         <name>.debug_line</name>
         <load_address>0x4fa7</load_address>
         <run_address>0x4fa7</run_address>
         <size>0x3c</size>
         <input_file_ref idref="fl-29"/>
      </object_component>
      <object_component id="oc-ab">
         <name>.debug_line</name>
         <load_address>0x4fe3</load_address>
         <run_address>0x4fe3</run_address>
         <size>0x3c</size>
         <input_file_ref idref="fl-2a"/>
      </object_component>
      <object_component id="oc-af">
         <name>.debug_line</name>
         <load_address>0x501f</load_address>
         <run_address>0x501f</run_address>
         <size>0x69</size>
         <input_file_ref idref="fl-2b"/>
      </object_component>
      <object_component id="oc-b3">
         <name>.debug_line</name>
         <load_address>0x5088</load_address>
         <run_address>0x5088</run_address>
         <size>0x44</size>
         <input_file_ref idref="fl-2c"/>
      </object_component>
      <object_component id="oc-b7">
         <name>.debug_line</name>
         <load_address>0x50cc</load_address>
         <run_address>0x50cc</run_address>
         <size>0x37</size>
         <input_file_ref idref="fl-2d"/>
      </object_component>
      <object_component id="oc-bd">
         <name>.debug_line</name>
         <load_address>0x5103</load_address>
         <run_address>0x5103</run_address>
         <size>0x57</size>
         <input_file_ref idref="fl-2e"/>
      </object_component>
      <object_component id="oc-c3">
         <name>.debug_line</name>
         <load_address>0x515a</load_address>
         <run_address>0x515a</run_address>
         <size>0x328</size>
         <input_file_ref idref="fl-2f"/>
      </object_component>
      <object_component id="oc-c7">
         <name>.debug_line</name>
         <load_address>0x5482</load_address>
         <run_address>0x5482</run_address>
         <size>0x41</size>
         <input_file_ref idref="fl-30"/>
      </object_component>
      <object_component id="oc-cb">
         <name>.debug_line</name>
         <load_address>0x54c3</load_address>
         <run_address>0x54c3</run_address>
         <size>0x46</size>
         <input_file_ref idref="fl-31"/>
      </object_component>
      <object_component id="oc-cf">
         <name>.debug_line</name>
         <load_address>0x5509</load_address>
         <run_address>0x5509</run_address>
         <size>0x55</size>
         <input_file_ref idref="fl-32"/>
      </object_component>
      <object_component id="oc-d3">
         <name>.debug_line</name>
         <load_address>0x555e</load_address>
         <run_address>0x555e</run_address>
         <size>0xad</size>
         <input_file_ref idref="fl-33"/>
      </object_component>
      <object_component id="oc-de">
         <name>.debug_line</name>
         <load_address>0x560b</load_address>
         <run_address>0x560b</run_address>
         <size>0x44</size>
         <input_file_ref idref="fl-36"/>
      </object_component>
      <object_component id="oc-e2">
         <name>.debug_line</name>
         <load_address>0x564f</load_address>
         <run_address>0x564f</run_address>
         <size>0x56</size>
         <input_file_ref idref="fl-37"/>
      </object_component>
      <object_component id="oc-e7">
         <name>.debug_line</name>
         <load_address>0x56a5</load_address>
         <run_address>0x56a5</run_address>
         <size>0xa8</size>
         <input_file_ref idref="fl-38"/>
      </object_component>
      <object_component id="oc-eb">
         <name>.debug_line</name>
         <load_address>0x574d</load_address>
         <run_address>0x574d</run_address>
         <size>0x3a</size>
         <input_file_ref idref="fl-39"/>
      </object_component>
      <object_component id="oc-ef">
         <name>.debug_line</name>
         <load_address>0x5787</load_address>
         <run_address>0x5787</run_address>
         <size>0x38</size>
         <input_file_ref idref="fl-3a"/>
      </object_component>
      <object_component id="oc-f3">
         <name>.debug_line</name>
         <load_address>0x57bf</load_address>
         <run_address>0x57bf</run_address>
         <size>0xa8</size>
         <input_file_ref idref="fl-3b"/>
      </object_component>
      <object_component id="oc-f9">
         <name>.debug_line</name>
         <load_address>0x5867</load_address>
         <run_address>0x5867</run_address>
         <size>0x1b0</size>
         <input_file_ref idref="fl-3c"/>
      </object_component>
      <object_component id="oc-fd">
         <name>.debug_line</name>
         <load_address>0x5a17</load_address>
         <run_address>0x5a17</run_address>
         <size>0x40</size>
         <input_file_ref idref="fl-3d"/>
      </object_component>
      <object_component id="oc-101">
         <name>.debug_line</name>
         <load_address>0x5a57</load_address>
         <run_address>0x5a57</run_address>
         <size>0x3c</size>
         <input_file_ref idref="fl-3e"/>
      </object_component>
      <object_component id="oc-105">
         <name>.debug_line</name>
         <load_address>0x5a93</load_address>
         <run_address>0x5a93</run_address>
         <size>0x4d</size>
         <input_file_ref idref="fl-3f"/>
      </object_component>
      <object_component id="oc-109">
         <name>.debug_line</name>
         <load_address>0x5ae0</load_address>
         <run_address>0x5ae0</run_address>
         <size>0x37</size>
         <input_file_ref idref="fl-40"/>
      </object_component>
      <object_component id="oc-10d">
         <name>.debug_line</name>
         <load_address>0x5b17</load_address>
         <run_address>0x5b17</run_address>
         <size>0x3c</size>
         <input_file_ref idref="fl-41"/>
      </object_component>
      <object_component id="oc-111">
         <name>.debug_line</name>
         <load_address>0x5b53</load_address>
         <run_address>0x5b53</run_address>
         <size>0x37</size>
         <input_file_ref idref="fl-42"/>
      </object_component>
      <object_component id="oc-116">
         <name>.debug_line</name>
         <load_address>0x5b8a</load_address>
         <run_address>0x5b8a</run_address>
         <size>0x15d</size>
         <input_file_ref idref="fl-43"/>
      </object_component>
      <object_component id="oc-11c">
         <name>.debug_line</name>
         <load_address>0x5ce7</load_address>
         <run_address>0x5ce7</run_address>
         <size>0x6a</size>
         <input_file_ref idref="fl-44"/>
      </object_component>
      <object_component id="oc-120">
         <name>.debug_line</name>
         <load_address>0x5d51</load_address>
         <run_address>0x5d51</run_address>
         <size>0x58</size>
         <input_file_ref idref="fl-45"/>
      </object_component>
      <object_component id="oc-124">
         <name>.debug_line</name>
         <load_address>0x5da9</load_address>
         <run_address>0x5da9</run_address>
         <size>0x57</size>
         <input_file_ref idref="fl-46"/>
      </object_component>
      <object_component id="oc-128">
         <name>.debug_line</name>
         <load_address>0x5e00</load_address>
         <run_address>0x5e00</run_address>
         <size>0x5c</size>
         <input_file_ref idref="fl-47"/>
      </object_component>
      <object_component id="oc-12c">
         <name>.debug_line</name>
         <load_address>0x5e5c</load_address>
         <run_address>0x5e5c</run_address>
         <size>0x3c</size>
         <input_file_ref idref="fl-48"/>
      </object_component>
      <object_component id="oc-130">
         <name>.debug_line</name>
         <load_address>0x5e98</load_address>
         <run_address>0x5e98</run_address>
         <size>0x5b</size>
         <input_file_ref idref="fl-49"/>
      </object_component>
      <object_component id="oc-134">
         <name>.debug_line</name>
         <load_address>0x5ef3</load_address>
         <run_address>0x5ef3</run_address>
         <size>0x3c</size>
         <input_file_ref idref="fl-4a"/>
      </object_component>
      <object_component id="oc-138">
         <name>.debug_line</name>
         <load_address>0x5f2f</load_address>
         <run_address>0x5f2f</run_address>
         <size>0x3f</size>
         <input_file_ref idref="fl-4b"/>
      </object_component>
      <object_component id="oc-13e">
         <name>.debug_line</name>
         <load_address>0x5f6e</load_address>
         <run_address>0x5f6e</run_address>
         <size>0xd7</size>
         <input_file_ref idref="fl-4c"/>
      </object_component>
      <object_component id="oc-145">
         <name>.debug_line</name>
         <load_address>0x6045</load_address>
         <run_address>0x6045</run_address>
         <size>0x112</size>
         <input_file_ref idref="fl-4d"/>
      </object_component>
      <object_component id="oc-149">
         <name>.debug_line</name>
         <load_address>0x6157</load_address>
         <run_address>0x6157</run_address>
         <size>0x3d</size>
         <input_file_ref idref="fl-4e"/>
      </object_component>
      <object_component id="oc-14d">
         <name>.debug_line</name>
         <load_address>0x6194</load_address>
         <run_address>0x6194</run_address>
         <size>0x39</size>
         <input_file_ref idref="fl-4f"/>
      </object_component>
      <object_component id="oc-17">
         <name>.debug_abbrev</name>
         <load_address>0x0</load_address>
         <run_address>0x0</run_address>
         <size>0x125</size>
         <input_file_ref idref="fl-2"/>
      </object_component>
      <object_component id="oc-1d">
[...]
      <symbol id="sm-3dc">
         <name>_I2C_config</name>
         <value>0x2164d</value>
         <object_component_ref idref="oc-7b"/>
      </symbol>
      <symbol id="sm-3dd">
         <name>_gI2cObj</name>
         <value>0x6158</value>
         <object_component_ref idref="oc-7c"/>
      </symbol>
      <symbol id="sm-3de">
         <name>_I2C_getConfig</name>
         <value>0x217b2</value>
         <object_component_ref idref="oc-7b"/>
      </symbol>
      <symbol id="sm-3df">
         <name>_I2C_setup</name>
         <value>0x21888</value>
         <object_component_ref idref="oc-7b"/>
      </symbol>
      <symbol id="sm-3e0">
         <name>_I2C_write</name>
         <value>0x21a82</value>
         <object_component_ref idref="oc-7b"/>
      </symbol>
      <symbol id="sm-3e1">
         <name>_I2C_read</name>
         <value>0x21cc6</value>
         <object_component_ref idref="oc-7b"/>
      </symbol>
      <symbol id="sm-3e2">
         <name>_I2C_eventDisable</name>
         <value>0x22018</value>
         <object_component_ref idref="oc-7b"/>
      </symbol>
      <symbol id="sm-3e3">
         <name>_I2C_getEventId</name>
         <value>0x221c4</value>
         <object_component_ref idref="oc-7b"/>
      </symbol>
      <symbol id="sm-3e4">
         <name>_i2cHandle</name>
         <value>0x6178</value>
         <object_component_ref idref="oc-7c"/>
      </symbol>
      <symbol id="sm-429">
         <name>_GPIO_write</name>
         <value>0x22dcb</value>
         <object_component_ref idref="oc-81"/>
      </symbol>
      <symbol id="sm-42a">
         <name>_GPIO_read</name>
         <value>0x22d48</value>
         <object_component_ref idref="oc-81"/>
      </symbol>
      <symbol id="sm-42b">
         <name>_GPIO_close</name>
         <value>0x22c17</value>
         <object_component_ref idref="oc-81"/>
      </symbol>
      <symbol id="sm-42c">
         <name>_GPIO_enableInt</name>
         <value>0x23034</value>
         <object_component_ref idref="oc-81"/>
      </symbol>
      <symbol id="sm-42d">
         <name>_GPIO_clearInt</name>
         <value>0x230be</value>
         <object_component_ref idref="oc-81"/>
      </symbol>
      <symbol id="sm-42e">
         <name>_GPIO_statusBit</name>
         <value>0x2314a</value>
         <object_component_ref idref="oc-81"/>
      </symbol>
      <symbol id="sm-42f">
         <name>_GPIO_configBit</name>
         <value>0x22e6e</value>
         <object_component_ref idref="oc-81"/>
      </symbol>
      <symbol id="sm-430">
         <name>_GPIO_reset</name>
         <value>0x231d1</value>
         <object_component_ref idref="oc-81"/>
      </symbol>
      <symbol id="sm-431">
         <name>_GPIO_getConfig</name>
         <value>0x22cc0</value>
         <object_component_ref idref="oc-81"/>
      </symbol>
      <symbol id="sm-432">
         <name>_GPIO_disableInt</name>
         <value>0x22fb6</value>
         <object_component_ref idref="oc-81"/>
      </symbol>
      <symbol id="sm-433">
         <name>_GPIO_config</name>
         <value>0x22c3b</value>
         <object_component_ref idref="oc-81"/>
      </symbol>
      <symbol id="sm-434">
         <name>_GPIO_open</name>
         <value>0x22bd3</value>
         <object_component_ref idref="oc-81"/>
      </symbol>
      <symbol id="sm-440">
         <name>__sysstack</name>
         <value>0x20c0</value>
         <object_component_ref idref="oc-14f"/>
      </symbol>
      <symbol id="sm-441">
         <name>_c_int00</name>
         <value>0x27a5d</value>
         <object_component_ref idref="oc-10"/>
      </symbol>
      <symbol id="sm-442">
         <name>__stack</name>
         <value>0xc0</value>
         <object_component_ref idref="oc-86"/>
      </symbol>
      <symbol id="sm-44e">
         <name>__divd</name>
         <value>0x24c89</value>
         <object_component_ref idref="oc-8a"/>
      </symbol>
      <symbol id="sm-459">
         <name>__divul</name>
         <value>0x27078</value>
         <object_component_ref idref="oc-8e"/>
      </symbol>
      <symbol id="sm-469">
         <name>C$$EXIT</name>
         <value>0x27b76</value>
         <object_component_ref idref="oc-96"/>
      </symbol>
      <symbol id="sm-46a">
         <name>_exit</name>
         <value>0x27a1f</value>
         <object_component_ref idref="oc-92"/>
      </symbol>
      <symbol id="sm-46b">
         <name>_abort</name>
         <value>0x27b75</value>
         <object_component_ref idref="oc-96"/>
      </symbol>
      <symbol id="sm-46c">
         <name>__cleanup_ptr</name>
         <value>0x6198</value>
         <object_component_ref idref="oc-93"/>
      </symbol>
      <symbol id="sm-46d">
         <name>__dtors_ptr</name>
         <value>0x619c</value>
         <object_component_ref idref="oc-93"/>
      </symbol>
      <symbol id="sm-477">
         <name>__fixdi</name>
         <value>0x27a91</value>
         <object_component_ref idref="oc-99"/>
      </symbol>
      <symbol id="sm-481">
         <name>__fixdli</name>
         <value>0x2759a</value>
         <object_component_ref idref="oc-9d"/>
      </symbol>
      <symbol id="sm-48b">
         <name>__frcmpyd_div</name>
         <value>0x274b5</value>
         <object_component_ref idref="oc-a1"/>
      </symbol>
      <symbol id="sm-493">
         <name>__mpyli</name>
         <value>0x27b36</value>
         <object_component_ref idref="oc-a5"/>
      </symbol>
      <symbol id="sm-494">
         <name>I$$LMPY</name>
         <value>0x27b36</value>
         <object_component_ref idref="oc-a5"/>
      </symbol>
      <symbol id="sm-49e">
         <name>__mpyd</name>
         <value>0x26722</value>
         <object_component_ref idref="oc-a9"/>
      </symbol>
      <symbol id="sm-4a8">
         <name>_printf</name>
         <value>0x27865</value>
         <object_component_ref idref="oc-ad"/>
      </symbol>
      <symbol id="sm-4b3">
         <name>__remul</name>
         <value>0x27528</value>
         <object_component_ref idref="oc-b1"/>
      </symbol>
      <symbol id="sm-4bd">
         <name>_Reset</name>
         <value>0x4ff00</value>
         <object_component_ref idref="oc-11"/>
      </symbol>
      <symbol id="sm-4cb">
         <name>__unlock</name>
         <value>0x6194</value>
         <object_component_ref idref="oc-ba"/>
      </symbol>
      <symbol id="sm-4cc">
         <name>__lock</name>
         <value>0x6190</value>
         <object_component_ref idref="oc-ba"/>
      </symbol>
      <symbol id="sm-4cd">
         <name>__register_lock</name>
         <value>0x27b51</value>
         <object_component_ref idref="oc-b9"/>
      </symbol>
      <symbol id="sm-4ce">
         <name>__nop</name>
         <value>0x27b59</value>
         <object_component_ref idref="oc-b9"/>
      </symbol>
      <symbol id="sm-4cf">
         <name>__register_unlock</name>
         <value>0x27b49</value>
         <object_component_ref idref="oc-b9"/>
      </symbol>
      <symbol id="sm-4e1">
         <name>__printfi</name>
         <value>0x21362</value>
         <object_component_ref idref="oc-bf"/>
      </symbol>
      <symbol id="sm-4eb">
         <name>__args_main</name>
         <value>0x27902</value>
         <object_component_ref idref="oc-c5"/>
      </symbol>
      <symbol id="sm-4ec">
         <name>__TI_args_main</name>
         <value>0x1</value>
      </symbol>
      <symbol id="sm-4f6">
         <name>_atoi</name>
         <value>0x277b5</value>
         <object_component_ref idref="oc-c9"/>
      </symbol>
      <symbol id="sm-4fe">
         <name>_auto_init</name>
         <value>0x278b5</value>
         <object_component_ref idref="oc-cd"/>
      </symbol>
      <symbol id="sm-508">
         <name>__eqld</name>
         <value>0x261ce</value>
         <object_component_ref idref="oc-d1"/>
      </symbol>
      <symbol id="sm-509">
         <name>__cmpd</name>
         <value>0x26202</value>
         <object_component_ref idref="oc-d1"/>
      </symbol>
      <symbol id="sm-50a">
         <name>__neqd</name>
         <value>0x26070</value>
         <object_component_ref idref="oc-d1"/>
      </symbol>
      <symbol id="sm-50b">
         <name>__gtrd</name>
         <value>0x26139</value>
         <object_component_ref idref="oc-d1"/>
      </symbol>
      <symbol id="sm-50c">
         <name>__geqd</name>
         <value>0x26184</value>
         <object_component_ref idref="oc-d1"/>
      </symbol>
      <symbol id="sm-50d">
         <name>__leqd</name>
         <value>0x260ec</value>
         <object_component_ref idref="oc-d1"/>
      </symbol>
      <symbol id="sm-50e">
         <name>__lssd</name>
         <value>0x260a4</value>
         <object_component_ref idref="oc-d1"/>
      </symbol>
      <symbol id="sm-516">
         <name>__ctypes_</name>
         <value>0x8ce8</value>
         <object_component_ref idref="oc-153"/>
      </symbol>
      <symbol id="sm-520">
         <name>__tmpnams</name>
         <value>0x5a30</value>
         <object_component_ref idref="oc-d7"/>
      </symbol>
      <symbol id="sm-521">
         <name>__ft_end</name>
         <value>0x5b70</value>
         <object_component_ref idref="oc-d7"/>
      </symbol>
      <symbol id="sm-522">
         <name>__ftable</name>
         <value>0x5940</value>
         <object_component_ref idref="oc-d7"/>
      </symbol>
      <symbol id="sm-52e">
         <name>__fltlid</name>
         <value>0x2774e</value>
         <object_component_ref idref="oc-db"/>
      </symbol>
      <symbol id="sm-538">
         <name>_putchar</name>
         <value>0x27069</value>
         <object_component_ref idref="oc-e0"/>
      </symbol>
      <symbol id="sm-539">
         <name>_putc</name>
         <value>0x26fd2</value>
         <object_component_ref idref="oc-e0"/>
      </symbol>
      <symbol id="sm-53a">
         <name>_fputc</name>
         <value>0x26fd2</value>
         <object_component_ref idref="oc-e0"/>
      </symbol>
      <symbol id="sm-548">
         <name>_puts</name>
         <value>0x266f4</value>
         <object_component_ref idref="oc-e4"/>
      </symbol>
      <symbol id="sm-549">
         <name>_fputs</name>
         <value>0x265bf</value>
         <object_component_ref idref="oc-e4"/>
      </symbol>
      <symbol id="sm-553">
         <name>__frcmpyd</name>
         <value>0x2743f</value>
         <object_component_ref idref="oc-e9"/>
      </symbol>
      <symbol id="sm-55d">
         <name>___isinf</name>
         <value>0x27b08</value>
         <object_component_ref idref="oc-ed"/>
      </symbol>
      <symbol id="sm-567">
         <name>__divull</name>
         <value>0x25ced</value>
         <object_component_ref idref="oc-f1"/>
      </symbol>
      <symbol id="sm-568">
         <name>__mpylli</name>
         <value>0x25c35</value>
         <object_component_ref idref="oc-f1"/>
      </symbol>
      <symbol id="sm-569">
         <name>__remlli</name>
         <value>0x25c06</value>
         <object_component_ref idref="oc-f1"/>
      </symbol>
      <symbol id="sm-56a">
         <name>__divlli</name>
         <value>0x25de1</value>
         <object_component_ref idref="oc-f1"/>
      </symbol>
      <symbol id="sm-56b">
         <name>__remull</name>
         <value>0x25bb8</value>
         <object_component_ref idref="oc-f1"/>
      </symbol>
      <symbol id="sm-57d">
         <name>_add_device</name>
         <value>0x241bc</value>
         <object_component_ref idref="oc-f5"/>
      </symbol>
      <symbol id="sm-57e">
         <name>_rename</name>
         <value>0x23ede</value>
         <object_component_ref idref="oc-f5"/>
      </symbol>
      <symbol id="sm-57f">
         <name>_read</name>
         <value>0x23f6d</value>
         <object_component_ref idref="oc-f5"/>
      </symbol>
      <symbol id="sm-580">
         <name>_unlink</name>
         <value>0x23eab</value>
         <object_component_ref idref="oc-f5"/>
      </symbol>
      <symbol id="sm-581">
         <name>_remove_device</name>
         <value>0x23f37</value>
         <object_component_ref idref="oc-f5"/>
      </symbol>
      <symbol id="sm-582">
         <name>_open</name>
         <value>0x2401b</value>
         <object_component_ref idref="oc-f5"/>
      </symbol>
      <symbol id="sm-583">
         <name>_find_registered_device</name>
         <value>0x24140</value>
         <object_component_ref idref="oc-f5"/>
      </symbol>
      <symbol id="sm-584">
         <name>_lseek</name>
         <value>0x240da</value>
         <object_component_ref idref="oc-f5"/>
      </symbol>
      <symbol id="sm-585">
         <name>_close</name>
         <value>0x24149</value>
         <object_component_ref idref="oc-f5"/>
      </symbol>
      <symbol id="sm-586">
         <name>_write</name>
         <value>0x23d69</value>
         <object_component_ref idref="oc-f5"/>
      </symbol>
      <symbol id="sm-590">
         <name>_ltoa</name>
         <value>0x27347</value>
         <object_component_ref idref="oc-fb"/>
      </symbol>
      <symbol id="sm-59b">
         <name>_memccpy</name>
         <value>0x27ae5</value>
         <object_component_ref idref="oc-ff"/>
      </symbol>
      <symbol id="sm-5a3">
         <name>_memcpy</name>
         <value>0x279e0</value>
         <object_component_ref idref="oc-103"/>
      </symbol>
      <symbol id="sm-5ad">
         <name>__negd</name>
         <value>0x27b5b</value>
         <object_component_ref idref="oc-107"/>
      </symbol>
      <symbol id="sm-5b7">
         <name>__remli</name>
         <value>0x2794d</value>
         <object_component_ref idref="oc-10b"/>
      </symbol>
      <symbol id="sm-5c1">
         <name>__subd</name>
         <value>0x27b22</value>
         <object_component_ref idref="oc-10f"/>
      </symbol>
      <symbol id="sm-5cd">
         <name>_HOSTopen</name>
         <value>0x245b7</value>
         <object_component_ref idref="oc-113"/>
      </symbol>
      <symbol id="sm-5ce">
         <name>_HOSTread</name>
         <value>0x2452a</value>
         <object_component_ref idref="oc-113"/>
      </symbol>
      <symbol id="sm-5cf">
         <name>_HOSTtime</name>
         <value>0x2441e</value>
         <object_component_ref idref="oc-113"/>
      </symbol>
      <symbol id="sm-5d0">
         <name>_getenv</name>
         <value>0x242ac</value>
         <object_component_ref idref="oc-113"/>
      </symbol>
      <symbol id="sm-5d1">
         <name>_HOSTrename</name>
         <value>0x2447c</value>
         <object_component_ref idref="oc-113"/>
      </symbol>
      <symbol id="sm-5d2">
         <name>_HOSTclock</name>
         <value>0x24776</value>
         <object_component_ref idref="oc-113"/>
      </symbol>
      <symbol id="sm-5d3">
         <name>_HOSTwrite</name>
         <value>0x24327</value>
         <object_component_ref idref="oc-113"/>
      </symbol>
      <symbol id="sm-5d4">
         <name>_HOSTlseek</name>
         <value>0x24656</value>
         <object_component_ref idref="oc-113"/>
      </symbol>
      <symbol id="sm-5d5">
         <name>_HOSTunlink</name>
         <value>0x243b4</value>
         <object_component_ref idref="oc-113"/>
      </symbol>
      <symbol id="sm-5d6">
         <name>_HOSTclose</name>
         <value>0x2470b</value>
         <object_component_ref idref="oc-113"/>
      </symbol>
      <symbol id="sm-5e8">
         <name>C$$IO$$</name>
         <value>0x26f14</value>
         <object_component_ref idref="oc-11b"/>
      </symbol>
      <symbol id="sm-5e9">
         <name>__CIOBUF_</name>
         <value>0x40388</value>
         <object_component_ref idref="oc-11a"/>
      </symbol>
      <symbol id="sm-5ea">
         <name>_readmsg</name>
         <value>0x27676</value>
         <object_component_ref idref="oc-118"/>
      </symbol>
      <symbol id="sm-5eb">
         <name>_writemsg</name>
         <value>0x26e5f</value>
         <object_component_ref idref="oc-11b"/>
      </symbol>
      <symbol id="sm-5f3">
         <name>__remu</name>
         <value>0x27ad0</value>
         <object_component_ref idref="oc-11e"/>
      </symbol>
      <symbol id="sm-5f4">
         <name>__divu</name>
         <value>0x27abb</value>
         <object_component_ref idref="oc-11e"/>
      </symbol>
      <symbol id="sm-5f5">
         <name>I$$UMOD</name>
         <value>0x27ad0</value>
         <object_component_ref idref="oc-11e"/>
      </symbol>
      <symbol id="sm-5f6">
         <name>I$$UDIV</name>
         <value>0x27abb</value>
         <object_component_ref idref="oc-11e"/>
      </symbol>
      <symbol id="sm-600">
         <name>__rd_ok</name>
         <value>0x26adb</value>
         <object_component_ref idref="oc-122"/>
      </symbol>
      <symbol id="sm-601">
         <name>__wrt_ok</name>
         <value>0x26a5b</value>
         <object_component_ref idref="oc-122"/>
      </symbol>
      <symbol id="sm-60b">
         <name>__addd</name>
         <value>0x25e16</value>
         <object_component_ref idref="oc-126"/>
      </symbol>
      <symbol id="sm-615">
         <name>__divli</name>
         <value>0x27998</value>
         <object_component_ref idref="oc-12a"/>
      </symbol>
      <symbol id="sm-61f">
         <name>__doflush</name>
         <value>0x26d9d</value>
         <object_component_ref idref="oc-12e"/>
      </symbol>
      <symbol id="sm-620">
         <name>_fflush</name>
         <value>0x26e06</value>
         <object_component_ref idref="oc-12e"/>
      </symbol>
      <symbol id="sm-62a">
         <name>_fseek</name>
         <value>0x276e3</value>
         <object_component_ref idref="oc-132"/>
      </symbol>
      <symbol id="sm-634">
         <name>_setvbuf</name>
         <value>0x26975</value>
         <object_component_ref idref="oc-136"/>
      </symbol>
      <symbol id="sm-643">
         <name>__cleanup</name>
         <value>0x25a5a</value>
         <object_component_ref idref="oc-13a"/>
      </symbol>
      <symbol id="sm-644">
         <name>_fopen</name>
         <value>0x25b7d</value>
         <object_component_ref idref="oc-13a"/>
      </symbol>
      <symbol id="sm-645">
         <name>_freopen</name>
         <value>0x25ab4</value>
         <object_component_ref idref="oc-13a"/>
      </symbol>
      <symbol id="sm-655">
         <name>__sys_memory</name>
         <value>0x61a8</value>
         <object_component_ref idref="oc-144"/>
      </symbol>
      <symbol id="sm-656">
         <name>_chkheap</name>
         <value>0x24c5b</value>
         <object_component_ref idref="oc-140"/>
      </symbol>
      <symbol id="sm-657">
         <name>_realloc</name>
         <value>0x249fa</value>
         <object_component_ref idref="oc-140"/>
      </symbol>
      <symbol id="sm-658">
         <name>_free_memory</name>
         <value>0x24c05</value>
         <object_component_ref idref="oc-140"/>
      </symbol>
      <symbol id="sm-659">
         <name>_max_free</name>
         <value>0x24bab</value>
         <object_component_ref idref="oc-140"/>
      </symbol>
      <symbol id="sm-65a">
         <name>_free</name>
         <value>0x247d4</value>
         <object_component_ref idref="oc-140"/>
      </symbol>
      <symbol id="sm-65b">
         <name>_calloc</name>
         <value>0x24c63</value>
         <object_component_ref idref="oc-140"/>
      </symbol>
      <symbol id="sm-65c">
         <name>_malloc</name>
         <value>0x24905</value>
         <object_component_ref idref="oc-140"/>
      </symbol>
      <symbol id="sm-65d">
         <name>_minit</name>
         <value>0x248a0</value>
         <object_component_ref idref="oc-140"/>
      </symbol>
      <symbol id="sm-667">
         <name>_fclose</name>
         <value>0x273c4</value>
         <object_component_ref idref="oc-147"/>
      </symbol>
      <symbol id="sm-671">
         <name>_remove</name>
         <value>0x27b6b</value>
         <object_component_ref idref="oc-14b"/>
      </symbol>
   </symbol_table>
</link_info>
